Archive member included to satisfy reference by file (symbol)

/Applications/STM32CubeIDE.app/Contents/Eclipse/plugins/com.st.stm32cube.ide.mcu.externaltools.gnu-tools-for-stm32.10.3-2021.10.macos64_1.0.200.202301161003/tools/bin/../lib/gcc/arm-none-eabi/10.3.1/../../../../arm-none-eabi/lib/thumb/v8-m.main+fp/hard/libc_nano.a(lib_a-errno.o)
                              ./Core/Src/syscalls.o (__errno)
/Applications/STM32CubeIDE.app/Contents/Eclipse/plugins/com.st.stm32cube.ide.mcu.externaltools.gnu-tools-for-stm32.10.3-2021.10.macos64_1.0.200.202301161003/tools/bin/../lib/gcc/arm-none-eabi/10.3.1/../../../../arm-none-eabi/lib/thumb/v8-m.main+fp/hard/libc_nano.a(lib_a-exit.o)
                              /Applications/STM32CubeIDE.app/Contents/Eclipse/plugins/com.st.stm32cube.ide.mcu.externaltools.gnu-tools-for-stm32.10.3-2021.10.macos64_1.0.200.202301161003/tools/bin/../lib/gcc/arm-none-eabi/10.3.1/../../../../arm-none-eabi/lib/thumb/v8-m.main+fp/hard/crt0.o (exit)
/Applications/STM32CubeIDE.app/Contents/Eclipse/plugins/com.st.stm32cube.ide.mcu.externaltools.gnu-tools-for-stm32.10.3-2021.10.macos64_1.0.200.202301161003/tools/bin/../lib/gcc/arm-none-eabi/10.3.1/../../../../arm-none-eabi/lib/thumb/v8-m.main+fp/hard/libc_nano.a(lib_a-impure.o)
                              /Applications/STM32CubeIDE.app/Contents/Eclipse/plugins/com.st.stm32cube.ide.mcu.externaltools.gnu-tools-for-stm32.10.3-2021.10.macos64_1.0.200.202301161003/tools/bin/../lib/gcc/arm-none-eabi/10.3.1/../../../../arm-none-eabi/lib/thumb/v8-m.main+fp/hard/libc_nano.a(lib_a-exit.o) (_global_impure_ptr)
/Applications/STM32CubeIDE.app/Contents/Eclipse/plugins/com.st.stm32cube.ide.mcu.externaltools.gnu-tools-for-stm32.10.3-2021.10.macos64_1.0.200.202301161003/tools/bin/../lib/gcc/arm-none-eabi/10.3.1/../../../../arm-none-eabi/lib/thumb/v8-m.main+fp/hard/libc_nano.a(lib_a-init.o)
                              /Applications/STM32CubeIDE.app/Contents/Eclipse/plugins/com.st.stm32cube.ide.mcu.externaltools.gnu-tools-for-stm32.10.3-2021.10.macos64_1.0.200.202301161003/tools/bin/../lib/gcc/arm-none-eabi/10.3.1/../../../../arm-none-eabi/lib/thumb/v8-m.main+fp/hard/crt0.o (__libc_init_array)
/Applications/STM32CubeIDE.app/Contents/Eclipse/plugins/com.st.stm32cube.ide.mcu.externaltools.gnu-tools-for-stm32.10.3-2021.10.macos64_1.0.200.202301161003/tools/bin/../lib/gcc/arm-none-eabi/10.3.1/../../../../arm-none-eabi/lib/thumb/v8-m.main+fp/hard/libc_nano.a(lib_a-memset.o)
                              /Applications/STM32CubeIDE.app/Contents/Eclipse/plugins/com.st.stm32cube.ide.mcu.externaltools.gnu-tools-for-stm32.10.3-2021.10.macos64_1.0.200.202301161003/tools/bin/../lib/gcc/arm-none-eabi/10.3.1/../../../../arm-none-eabi/lib/thumb/v8-m.main+fp/hard/crt0.o (memset)
/Applications/STM32CubeIDE.app/Contents/Eclipse/plugins/com.st.stm32cube.ide.mcu.externaltools.gnu-tools-for-stm32.10.3-2021.10.macos64_1.0.200.202301161003/tools/bin/../lib/gcc/arm-none-eabi/10.3.1/../../../../arm-none-eabi/lib/thumb/v8-m.main+fp/hard/libc_nano.a(lib_a-printf.o)
                              ./Core/Src/skp_can.o (printf)
/Applications/STM32CubeIDE.app/Contents/Eclipse/plugins/com.st.stm32cube.ide.mcu.externaltools.gnu-tools-for-stm32.10.3-2021.10.macos64_1.0.200.202301161003/tools/bin/../lib/gcc/arm-none-eabi/10.3.1/../../../../arm-none-eabi/lib/thumb/v8-m.main+fp/hard/libc_nano.a(lib_a-puts.o)
                              ./Core/Src/main.o (puts)
/Applications/STM32CubeIDE.app/Contents/Eclipse/plugins/com.st.stm32cube.ide.mcu.externaltools.gnu-tools-for-stm32.10.3-2021.10.macos64_1.0.200.202301161003/tools/bin/../lib/gcc/arm-none-eabi/10.3.1/../../../../arm-none-eabi/lib/thumb/v8-m.main+fp/hard/libc_nano.a(lib_a-wbuf.o)
                              /Applications/STM32CubeIDE.app/Contents/Eclipse/plugins/com.st.stm32cube.ide.mcu.externaltools.gnu-tools-for-stm32.10.3-2021.10.macos64_1.0.200.202301161003/tools/bin/../lib/gcc/arm-none-eabi/10.3.1/../../../../arm-none-eabi/lib/thumb/v8-m.main+fp/hard/libc_nano.a(lib_a-puts.o) (__swbuf_r)
/Applications/STM32CubeIDE.app/Contents/Eclipse/plugins/com.st.stm32cube.ide.mcu.externaltools.gnu-tools-for-stm32.10.3-2021.10.macos64_1.0.200.202301161003/tools/bin/../lib/gcc/arm-none-eabi/10.3.1/../../../../arm-none-eabi/lib/thumb/v8-m.main+fp/hard/libc_nano.a(lib_a-wsetup.o)
                              /Applications/STM32CubeIDE.app/Contents/Eclipse/plugins/com.st.stm32cube.ide.mcu.externaltools.gnu-tools-for-stm32.10.3-2021.10.macos64_1.0.200.202301161003/tools/bin/../lib/gcc/arm-none-eabi/10.3.1/../../../../arm-none-eabi/lib/thumb/v8-m.main+fp/hard/libc_nano.a(lib_a-puts.o) (__swsetup_r)
/Applications/STM32CubeIDE.app/Contents/Eclipse/plugins/com.st.stm32cube.ide.mcu.externaltools.gnu-tools-for-stm32.10.3-2021.10.macos64_1.0.200.202301161003/tools/bin/../lib/gcc/arm-none-eabi/10.3.1/../../../../arm-none-eabi/lib/thumb/v8-m.main+fp/hard/libc_nano.a(lib_a-fflush.o)
[...]
Memory Configuration

Name             Origin             Length             Attributes
RAM              0x0000000020000000 0x0000000000008000 xrw
FLASH            0x0000000008000000 0x0000000000020000 xr
*default*        0x0000000000000000 0xffffffffffffffff

Linker script and memory map

LOAD /Applications/STM32CubeIDE.app/Contents/Eclipse/plugins/com.st.stm32cube.ide.mcu.externaltools.gnu-tools-for-stm32.10.3-2021.10.macos64_1.0.200.202301161003/tools/bin/../lib/gcc/arm-none-eabi/10.3.1/thumb/v8-m.main+fp/hard/crti.o
LOAD /Applications/STM32CubeIDE.app/Contents/Eclipse/plugins/com.st.stm32cube.ide.mcu.externaltools.gnu-tools-for-stm32.10.3-2021.10.macos64_1.0.200.202301161003/tools/bin/../lib/gcc/arm-none-eabi/10.3.1/thumb/v8-m.main+fp/hard/crtbegin.o
LOAD /Applications/STM32CubeIDE.app/Contents/Eclipse/plugins/com.st.stm32cube.ide.mcu.externaltools.gnu-tools-for-stm32.10.3-2021.10.macos64_1.0.200.202301161003/tools/bin/../lib/gcc/arm-none-eabi/10.3.1/../../../../arm-none-eabi/lib/thumb/v8-m.main+fp/hard/crt0.o
LOAD ./Core/Src/main.o
LOAD ./Core/Src/skp_can.o
LOAD ./Core/Src/stm32h5xx_hal_msp.o
LOAD ./Core/Src/stm32h5xx_it.o
LOAD ./Core/Src/syscalls.o
LOAD ./Core/Src/sysmem.o
LOAD ./Core/Src/system_stm32h5xx.o
LOAD ./Core/Startup/startup_stm32h503rbtx.o
LOAD ./Drivers/STM32H5xx_HAL_Driver/Src/stm32h5xx_hal.o
LOAD ./Drivers/STM32H5xx_HAL_Driver/Src/stm32h5xx_hal_cortex.o
LOAD ./Drivers/STM32H5xx_HAL_Driver/Src/stm32h5xx_hal_dma.o
LOAD ./Drivers/STM32H5xx_HAL_Driver/Src/stm32h5xx_hal_dma_ex.o
LOAD ./Drivers/STM32H5xx_HAL_Driver/Src/stm32h5xx_hal_exti.o
LOAD ./Drivers/STM32H5xx_HAL_Driver/Src/stm32h5xx_hal_fdcan.o
LOAD ./Drivers/STM32H5xx_HAL_Driver/Src/stm32h5xx_hal_flash.o
LOAD ./Drivers/STM32H5xx_HAL_Driver/Src/stm32h5xx_hal_flash_ex.o
LOAD ./Drivers/STM32H5xx_HAL_Driver/Src/stm32h5xx_hal_gpio.o
LOAD ./Drivers/STM32H5xx_HAL_Driver/Src/stm32h5xx_hal_i2c.o
LOAD ./Drivers/STM32H5xx_HAL_Driver/Src/stm32h5xx_hal_i2c_ex.o
LOAD ./Drivers/STM32H5xx_HAL_Driver/Src/stm32h5xx_hal_icache.o
LOAD ./Drivers/STM32H5xx_HAL_Driver/Src/stm32h5xx_hal_pcd.o
LOAD ./Drivers/STM32H5xx_HAL_Driver/Src/stm32h5xx_hal_pcd_ex.o
LOAD ./Drivers/STM32H5xx_HAL_Driver/Src/stm32h5xx_hal_pwr.o
LOAD ./Drivers/STM32H5xx_HAL_Driver/Src/stm32h5xx_hal_pwr_ex.o
LOAD ./Drivers/STM32H5xx_HAL_Driver/Src/stm32h5xx_hal_rcc.o
LOAD ./Drivers/STM32H5xx_HAL_Driver/Src/stm32h5xx_hal_rcc_ex.o
LOAD ./Drivers/STM32H5xx_HAL_Driver/Src/stm32h5xx_hal_uart.o
LOAD ./Drivers/STM32H5xx_HAL_Driver/Src/stm32h5xx_hal_uart_ex.o
LOAD ./Drivers/STM32H5xx_HAL_Driver/Src/stm32h5xx_ll_usb.o
START GROUP
LOAD /Applications/STM32CubeIDE.app/Contents/Eclipse/plugins/com.st.stm32cube.ide.mcu.externaltools.gnu-tools-for-stm32.10.3-2021.10.macos64_1.0.200.202301161003/tools/bin/../lib/gcc/arm-none-eabi/10.3.1/../../../../arm-none-eabi/lib/thumb/v8-m.main+fp/hard/libc_nano.a
LOAD /Applications/STM32CubeIDE.app/Contents/Eclipse/plugins/com.st.stm32cube.ide.mcu.externaltools.gnu-tools-for-stm32.10.3-2021.10.macos64_1.0.200.202301161003/tools/bin/../lib/gcc/arm-none-eabi/10.3.1/../../../../arm-none-eabi/lib/thumb/v8-m.main+fp/hard/libm.a
END GROUP
START GROUP
LOAD /Applications/STM32CubeIDE.app/Contents/Eclipse/plugins/com.st.stm32cube.ide.mcu.externaltools.gnu-tools-for-stm32.10.3-2021.10.macos64_1.0.200.202301161003/tools/bin/../lib/gcc/arm-none-eabi/10.3.1/thumb/v8-m.main+fp/hard/libgcc.a
LOAD /Applications/STM32CubeIDE.app/Contents/Eclipse/plugins/com.st.stm32cube.ide.mcu.externaltools.gnu-tools-for-stm32.10.3-2021.10.macos64_1.0.200.202301161003/tools/bin/../lib/gcc/arm-none-eabi/10.3.1/../../../../arm-none-eabi/lib/thumb/v8-m.main+fp/hard/libc_nano.a
END GROUP
START GROUP
LOAD /Applications/STM32CubeIDE.app/Contents/Eclipse/plugins/com.st.stm32cube.ide.mcu.externaltools.gnu-tools-for-stm32.10.3-2021.10.macos64_1.0.200.202301161003/tools/bin/../lib/gcc/arm-none-eabi/10.3.1/thumb/v8-m.main+fp/hard/libgcc.a
LOAD /Applications/STM32CubeIDE.app/Contents/Eclipse/plugins/com.st.stm32cube.ide.mcu.externaltools.gnu-tools-for-stm32.10.3-2021.10.macos64_1.0.200.202301161003/tools/bin/../lib/gcc/arm-none-eabi/10.3.1/../../../../arm-none-eabi/lib/thumb/v8-m.main+fp/hard/libc_nano.a
LOAD /Applications/STM32CubeIDE.app/Contents/Eclipse/plugins/com.st.stm32cube.ide.mcu.externaltools.gnu-tools-for-stm32.10.3-2021.10.macos64_1.0.200.202301161003/tools/bin/../lib/gcc/arm-none-eabi/10.3.1/../../../../arm-none-eabi/lib/thumb/v8-m.main+fp/hard/libnosys.a
END GROUP
START GROUP
LOAD /Applications/STM32CubeIDE.app/Contents/Eclipse/plugins/com.st.stm32cube.ide.mcu.externaltools.gnu-tools-for-stm32.10.3-2021.10.macos64_1.0.200.202301161003/tools/bin/../lib/gcc/arm-none-eabi/10.3.1/thumb/v8-m.main+fp/hard/libgcc.a
LOAD /Applications/STM32CubeIDE.app/Contents/Eclipse/plugins/com.st.stm32cube.ide.mcu.externaltools.gnu-tools-for-stm32.10.3-2021.10.macos64_1.0.200.202301161003/tools/bin/../lib/gcc/arm-none-eabi/10.3.1/../../../../arm-none-eabi/lib/thumb/v8-m.main+fp/hard/libc_nano.a
LOAD /Applications/STM32CubeIDE.app/Contents/Eclipse/plugins/com.st.stm32cube.ide.mcu.externaltools.gnu-tools-for-stm32.10.3-2021.10.macos64_1.0.200.202301161003/tools/bin/../lib/gcc/arm-none-eabi/10.3.1/../../../../arm-none-eabi/lib/thumb/v8-m.main+fp/hard/libnosys.a
END GROUP
LOAD /Applications/STM32CubeIDE.app/Contents/Eclipse/plugins/com.st.stm32cube.ide.mcu.externaltools.gnu-tools-for-stm32.10.3-2021.10.macos64_1.0.200.202301161003/tools/bin/../lib/gcc/arm-none-eabi/10.3.1/thumb/v8-m.main+fp/hard/crtend.o
LOAD /Applications/STM32CubeIDE.app/Contents/Eclipse/plugins/com.st.stm32cube.ide.mcu.externaltools.gnu-tools-for-stm32.10.3-2021.10.macos64_1.0.200.202301161003/tools/bin/../lib/gcc/arm-none-eabi/10.3.1/thumb/v8-m.main+fp/hard/crtn.o
                0x0000000020008000                _estack = (ORIGIN (RAM) + LENGTH (RAM))
                0x0000000000000200                _Min_Heap_Size = 0x200
                0x0000000000000400                _Min_Stack_Size = 0x400

.isr_vector     0x0000000008000000      0x258
                0x0000000008000000                . = ALIGN (0x4)
 *(.isr_vector)
 .isr_vector    0x0000000008000000      0x258 ./Core/Startup/startup_stm32h503rbtx.o
                0x0000000008000000                g_pfnVectors
                0x0000000008000258                . = ALIGN (0x4)

.text           0x0000000008000258     0x7774
                0x0000000008000258                . = ALIGN (0x4)
 *(.text)
 .text          0x0000000008000258       0x40 /Applications/STM32CubeIDE.app/Contents/Eclipse/plugins/com.st.stm32cube.ide.mcu.externaltools.gnu-tools-for-stm32.10.3-2021.10.macos64_1.0.200.202301161003/tools/bin/../lib/gcc/arm-none-eabi/10.3.1/thumb/v8-m.main+fp/hard/crtbegin.o
 .text          0x0000000008000298       0x30 /Applications/STM32CubeIDE.app/Contents/Eclipse/plugins/com.st.stm32cube.ide.mcu.externaltools.gnu-tools-for-stm32.10.3-2021.10.macos64_1.0.200.202301161003/tools/bin/../lib/gcc/arm-none-eabi/10.3.1/thumb/v8-m.main+fp/hard/libgcc.a(_aeabi_uldivmod.o)
                0x0000000008000298                __aeabi_uldivmod
 .text          0x00000000080002c8      0x2ec /Applications/STM32CubeIDE.app/Contents/Eclipse/plugins/com.st.stm32cube.ide.mcu.externaltools.gnu-tools-for-stm32.10.3-2021.10.macos64_1.0.200.202301161003/tools/bin/../lib/gcc/arm-none-eabi/10.3.1/thumb/v8-m.main+fp/hard/libgcc.a(_udivmoddi4.o)
                0x00000000080002c8                __udivmoddi4
 .text          0x00000000080005b4        0x4 /Applications/STM32CubeIDE.app/Contents/Eclipse/plugins/com.st.stm32cube.ide.mcu.externaltools.gnu-tools-for-stm32.10.3-2021.10.macos64_1.0.200.202301161003/tools/bin/../lib/gcc/arm-none-eabi/10.3.1/thumb/v8-m.main+fp/hard/libgcc.a(_dvmd_tls.o)
                0x00000000080005b4                __aeabi_ldiv0
                0x00000000080005b4                __aeabi_idiv0
 *(.text*)
 .text.main     0x00000000080005b8      0x110 ./Core/Src/main.o
                0x00000000080005b8                main
 .text.SystemClock_Config
                0x00000000080006c8       0xd4 ./Core/Src/main.o
                0x00000000080006c8                SystemClock_Config
 .text.MX_FDCAN1_Init
                0x000000000800079c       0x8c ./Core/Src/main.o
 .text.MX_I2C1_Init
                0x0000000008000828       0x80 ./Core/Src/main.o
 .text.MX_ICACHE_Init
                0x00000000080008a8       0x16 ./Core/Src/main.o
 *fill*         0x00000000080008be        0x2 
 .text.MX_USART3_UART_Init
                0x00000000080008c0       0x98 ./Core/Src/main.o
 .text.MX_USB_PCD_Init
                0x0000000008000958       0x68 ./Core/Src/main.o
 .text.MX_GPIO_Init
                0x00000000080009c0      0x18c ./Core/Src/main.o
 .text.__io_putchar
                0x0000000008000b4c       0x24 ./Core/Src/main.o
                0x0000000008000b4c                __io_putchar
 .text.Error_Handler
                0x0000000008000b70        0xa ./Core/Src/main.o
                0x0000000008000b70                Error_Handler
 *fill*         0x0000000008000b7a        0x2 
 .text.HAL_FDCAN_RxFifo0Callback
                0x0000000008000b7c       0x8c ./Core/Src/skp_can.o
                0x0000000008000b7c                HAL_FDCAN_RxFifo0Callback
 .text.skp_can_init
                0x0000000008000c08       0x98 ./Core/Src/skp_can.o
                0x0000000008000c08                skp_can_init
 .text.FDCAN_Config
                0x0000000008000ca0      0x124 ./Core/Src/skp_can.o
                0x0000000008000ca0                FDCAN_Config
 .text.HAL_MspInit
                0x0000000008000dc4        0xe ./Core/Src/stm32h5xx_hal_msp.o
                0x0000000008000dc4                HAL_MspInit
 *fill*         0x0000000008000dd2        0x2 
 .text.HAL_FDCAN_MspInit
                0x0000000008000dd4      0x11c ./Core/Src/stm32h5xx_hal_msp.o
                0x0000000008000dd4                HAL_FDCAN_MspInit
 .text.HAL_I2C_MspInit
                0x0000000008000ef0       0xd0 ./Core/Src/stm32h5xx_hal_msp.o
                0x0000000008000ef0                HAL_I2C_MspInit
 .text.HAL_UART_MspInit
                0x0000000008000fc0       0xd0 ./Core/Src/stm32h5xx_hal_msp.o
                0x0000000008000fc0                HAL_UART_MspInit
 .text.HAL_PCD_MspInit
                0x0000000008001090       0xd4 ./Core/Src/stm32h5xx_hal_msp.o
                0x0000000008001090                HAL_PCD_MspInit
 .text.NMI_Handler
                0x0000000008001164        0x6 ./Core/Src/stm32h5xx_it.o
                0x0000000008001164                NMI_Handler
 .text.HardFault_Handler
                0x000000000800116a        0x6 ./Core/Src/stm32h5xx_it.o
                0x000000000800116a                HardFault_Handler
 .text.MemManage_Handler
                0x0000000008001170        0x6 ./Core/Src/stm32h5xx_it.o
                0x0000000008001170                MemManage_Handler
 .text.BusFault_Handler
                0x0000000008001176        0x6 ./Core/Src/stm32h5xx_it.o
                0x0000000008001176                BusFault_Handler
 .text.UsageFault_Handler
                0x000000000800117c        0x6 ./Core/Src/stm32h5xx_it.o
                0x000000000800117c                UsageFault_Handler
 .text.SVC_Handler
                0x0000000008001182        0xe ./Core/Src/stm32h5xx_it.o
                0x0000000008001182                SVC_Handler
 .text.DebugMon_Handler
                0x0000000008001190        0xe ./Core/Src/stm32h5xx_it.o
                0x0000000008001190                DebugMon_Handler
 .text.PendSV_Handler
                0x000000000800119e        0xe ./Core/Src/stm32h5xx_it.o
                0x000000000800119e                PendSV_Handler
 .text.SysTick_Handler
                0x00000000080011ac        0xc ./Core/Src/stm32h5xx_it.o
                0x00000000080011ac                SysTick_Handler
 .text.FDCAN1_IT0_IRQHandler
                0x00000000080011b8       0x14 ./Core/Src/stm32h5xx_it.o
                0x00000000080011b8                FDCAN1_IT0_IRQHandler
 .text.FDCAN1_IT1_IRQHandler
                0x00000000080011cc       0x14 ./Core/Src/stm32h5xx_it.o
                0x00000000080011cc                FDCAN1_IT1_IRQHandler
 .text._read    0x00000000080011e0       0x3a ./Core/Src/syscalls.o
                0x00000000080011e0                _read
 .text._write   0x000000000800121a       0x38 ./Core/Src/syscalls.o
                0x000000000800121a                _write
 .text._close   0x0000000008001252       0x18 ./Core/Src/syscalls.o
                0x0000000008001252                _close
 .text._fstat   0x000000000800126a       0x20 ./Core/Src/syscalls.o
                0x000000000800126a                _fstat
 .text._isatty  0x000000000800128a       0x16 ./Core/Src/syscalls.o
                0x000000000800128a                _isatty
 .text._lseek   0x00000000080012a0       0x1a ./Core/Src/syscalls.o
                0x00000000080012a0                _lseek
 *fill*         0x00000000080012ba        0x2 
 .text._sbrk    0x00000000080012bc       0x6c ./Core/Src/sysmem.o
                0x00000000080012bc                _sbrk
 .text.SystemInit
                0x0000000008001328       0xe4 ./Core/Src/system_stm32h5xx.o
                0x0000000008001328                SystemInit
 .text.Reset_Handler
                0x000000000800140c       0x50 ./Core/Startup/startup_stm32h503rbtx.o
                0x000000000800140c                Reset_Handler
 .text.Default_Handler
                0x000000000800145c        0x2 ./Core/Startup/startup_stm32h503rbtx.o
                0x000000000800145c                HASH_IRQHandler
                0x000000000800145c                EXTI5_IRQHandler
                0x000000000800145c                I3C1_ER_IRQHandler
                0x000000000800145c                GPDMA2_Channel1_IRQHandler
                0x000000000800145c                EXTI13_IRQHandler
                0x000000000800145c                TIM1_CC_IRQHandler
                0x000000000800145c                GPDMA2_Channel3_IRQHandler
                0x000000000800145c                TAMP_IRQHandler
                0x000000000800145c                TIM6_IRQHandler
                0x000000000800145c                EXTI12_IRQHandler
                0x000000000800145c                USB_DRD_FS_IRQHandler
                0x000000000800145c                EXTI3_IRQHandler
                0x000000000800145c                GPDMA1_Channel5_IRQHandler
                0x000000000800145c                EXTI8_IRQHandler
                0x000000000800145c                GPDMA2_Channel5_IRQHandler
                0x000000000800145c                LPTIM2_IRQHandler
                0x000000000800145c                GPDMA2_Channel2_IRQHandler
                0x000000000800145c                EXTI0_IRQHandler
                0x000000000800145c                I2C2_EV_IRQHandler
                0x000000000800145c                FPU_IRQHandler
                0x000000000800145c                GPDMA1_Channel3_IRQHandler
                0x000000000800145c                GPDMA1_Channel7_IRQHandler
                0x000000000800145c                RAMCFG_IRQHandler
                0x000000000800145c                SPI1_IRQHandler
                0x000000000800145c                GPDMA1_Channel2_IRQHandler
                0x000000000800145c                ADC1_IRQHandler
                0x000000000800145c                I3C2_ER_IRQHandler
                0x000000000800145c                EXTI15_IRQHandler
                0x000000000800145c                USART3_IRQHandler
                0x000000000800145c                RTC_IRQHandler
                0x000000000800145c                EXTI9_IRQHandler
                0x000000000800145c                I3C2_EV_IRQHandler
                0x000000000800145c                I2C1_EV_IRQHandler
                0x000000000800145c                GPDMA1_Channel1_IRQHandler
                0x000000000800145c                TIM3_IRQHandler
                0x000000000800145c                RCC_IRQHandler
                0x000000000800145c                TIM1_TRG_COM_IRQHandler
                0x000000000800145c                Default_Handler
                0x000000000800145c                GPDMA2_Channel4_IRQHandler
                0x000000000800145c                TIM7_IRQHandler
                0x000000000800145c                GPDMA1_Channel0_IRQHandler
                0x000000000800145c                I3C1_EV_IRQHandler
                0x000000000800145c                PVD_AVD_IRQHandler
                0x000000000800145c                SPI2_IRQHandler
                0x000000000800145c                EXTI14_IRQHandler
                0x000000000800145c                EXTI11_IRQHandler
                0x000000000800145c                CRS_IRQHandler
                0x000000000800145c                EXTI4_IRQHandler
                0x000000000800145c                GPDMA2_Channel0_IRQHandler
                0x000000000800145c                RNG_IRQHandler
                0x000000000800145c                GPDMA2_Channel6_IRQHandler
                0x000000000800145c                TIM1_UP_IRQHandler
                0x000000000800145c                WWDG_IRQHandler
                0x000000000800145c                IWDG_IRQHandler
                0x000000000800145c                LPUART1_IRQHandler
                0x000000000800145c                TIM2_IRQHandler
                0x000000000800145c                GPDMA1_Channel4_IRQHandler
                0x000000000800145c                EXTI7_IRQHandler
                0x000000000800145c                TIM1_BRK_IRQHandler
                0x000000000800145c                EXTI1_IRQHandler
                0x000000000800145c                DAC1_IRQHandler
                0x000000000800145c                DTS_IRQHandler
                0x000000000800145c                GTZC_IRQHandler
                0x000000000800145c                USART2_IRQHandler
                0x000000000800145c                GPDMA1_Channel6_IRQHandler
                0x000000000800145c                GPDMA2_Channel7_IRQHandler
                0x000000000800145c                I2C2_ER_IRQHandler
                0x000000000800145c                FLASH_IRQHandler
                0x000000000800145c                USART1_IRQHandler
                0x000000000800145c                EXTI10_IRQHandler
                0x000000000800145c                SPI3_IRQHandler
                0x000000000800145c                I2C1_ER_IRQHandler
                0x000000000800145c                EXTI6_IRQHandler
                0x000000000800145c                COMP1_IRQHandler
                0x000000000800145c                LPTIM1_IRQHandler
                0x000000000800145c                ICACHE_IRQHandler
                0x000000000800145c                EXTI2_IRQHandler
 *fill*         0x000000000800145e        0x2 
 .text.HAL_Init
                0x0000000008001460       0x4c ./Drivers/STM32H5xx_HAL_Driver/Src/stm32h5xx_hal.o
                0x0000000008001460                HAL_Init
 .text.HAL_InitTick
                0x00000000080014ac       0x6c ./Drivers/STM32H5xx_HAL_Driver/Src/stm32h5xx_hal.o
                0x00000000080014ac                HAL_InitTick
 .text.HAL_IncTick
                0x0000000008001518       0x28 ./Drivers/STM32H5xx_HAL_Driver/Src/stm32h5xx_hal.o
                0x0000000008001518                HAL_IncTick
 .text.HAL_GetTick
                0x0000000008001540       0x18 ./Drivers/STM32H5xx_HAL_Driver/Src/stm32h5xx_hal.o
                0x0000000008001540                HAL_GetTick
 .text.HAL_Delay
                0x0000000008001558       0x48 ./Drivers/STM32H5xx_HAL_Driver/Src/stm32h5xx_hal.o
                0x0000000008001558                HAL_Delay
 .text.__NVIC_SetPriorityGrouping
                0x00000000080015a0       0x48 ./Drivers/STM32H5xx_HAL_Driver/Src/stm32h5xx_hal_cortex.o
 .text.__NVIC_GetPriorityGrouping
                0x00000000080015e8       0x1c ./Drivers/STM32H5xx_HAL_Driver/Src/stm32h5xx_hal_cortex.o
 .text.__NVIC_EnableIRQ
                0x0000000008001604       0x3c ./Drivers/STM32H5xx_HAL_Driver/Src/stm32h5xx_hal_cortex.o
 .text.__NVIC_SetPriority
                0x0000000008001640       0x54 ./Drivers/STM32H5xx_HAL_Driver/Src/stm32h5xx_hal_cortex.o
 .text.NVIC_EncodePriority
                0x0000000008001694       0x66 ./Drivers/STM32H5xx_HAL_Driver/Src/stm32h5xx_hal_cortex.o
 *fill*         0x00000000080016fa        0x2 
 .text.SysTick_Config
                0x00000000080016fc       0x44 ./Drivers/STM32H5xx_HAL_Driver/Src/stm32h5xx_hal_cortex.o
 .text.HAL_NVIC_SetPriorityGrouping
                0x0000000008001740       0x16 ./Drivers/STM32H5xx_HAL_Driver/Src/stm32h5xx_hal_cortex.o
                0x0000000008001740                HAL_NVIC_SetPriorityGrouping
 .text.HAL_NVIC_SetPriority
                0x0000000008001756       0x34 ./Drivers/STM32H5xx_HAL_Driver/Src/stm32h5xx_hal_cortex.o
                0x0000000008001756                HAL_NVIC_SetPriority
 .text.HAL_NVIC_EnableIRQ
                0x000000000800178a       0x1c ./Drivers/STM32H5xx_HAL_Driver/Src/stm32h5xx_hal_cortex.o
                0x000000000800178a                HAL_NVIC_EnableIRQ
 .text.HAL_SYSTICK_Config
                0x00000000080017a6       0x18 ./Drivers/STM32H5xx_HAL_Driver/Src/stm32h5xx_hal_cortex.o
                0x00000000080017a6                HAL_SYSTICK_Config
 *fill*         0x00000000080017be        0x2 
 .text.HAL_FDCAN_Init
                0x00000000080017c0      0x2b4 ./Drivers/STM32H5xx_HAL_Driver/Src/stm32h5xx_hal_fdcan.o
                0x00000000080017c0                HAL_FDCAN_Init
 .text.HAL_FDCAN_ConfigFilter
                0x0000000008001a74       0xb4 ./Drivers/STM32H5xx_HAL_Driver/Src/stm32h5xx_hal_fdcan.o
                0x0000000008001a74                HAL_FDCAN_ConfigFilter
 .text.HAL_FDCAN_ConfigGlobalFilter
                0x0000000008001b28       0x62 ./Drivers/STM32H5xx_HAL_Driver/Src/stm32h5xx_hal_fdcan.o
                0x0000000008001b28                HAL_FDCAN_ConfigGlobalFilter
 .text.HAL_FDCAN_ConfigTxDelayCompensation
                0x0000000008001b8a       0x44 ./Drivers/STM32H5xx_HAL_Driver/Src/stm32h5xx_hal_fdcan.o
                0x0000000008001b8a                HAL_FDCAN_ConfigTxDelayCompensation
 .text.HAL_FDCAN_EnableTxDelayCompensation
                0x0000000008001bce       0x42 ./Drivers/STM32H5xx_HAL_Driver/Src/stm32h5xx_hal_fdcan.o
                0x0000000008001bce                HAL_FDCAN_EnableTxDelayCompensation
 .text.HAL_FDCAN_Start
                0x0000000008001c10       0x50 ./Drivers/STM32H5xx_HAL_Driver/Src/stm32h5xx_hal_fdcan.o
                0x0000000008001c10                HAL_FDCAN_Start
 .text.HAL_FDCAN_AddMessageToTxFifoQ
                0x0000000008001c60       0x88 ./Drivers/STM32H5xx_HAL_Driver/Src/stm32h5xx_hal_fdcan.o
                0x0000000008001c60                HAL_FDCAN_AddMessageToTxFifoQ
 .text.HAL_FDCAN_GetRxMessage
                0x0000000008001ce8      0x210 ./Drivers/STM32H5xx_HAL_Driver/Src/stm32h5xx_hal_fdcan.o
                0x0000000008001ce8                HAL_FDCAN_GetRxMessage
 .text.HAL_FDCAN_ActivateNotification
                0x0000000008001ef8      0x1cc ./Drivers/STM32H5xx_HAL_Driver/Src/stm32h5xx_hal_fdcan.o
                0x0000000008001ef8                HAL_FDCAN_ActivateNotification
 .text.HAL_FDCAN_IRQHandler
                0x00000000080020c4      0x266 ./Drivers/STM32H5xx_HAL_Driver/Src/stm32h5xx_hal_fdcan.o
                0x00000000080020c4                HAL_FDCAN_IRQHandler
 .text.HAL_FDCAN_TxEventFifoCallback
                0x000000000800232a       0x16 ./Drivers/STM32H5xx_HAL_Driver/Src/stm32h5xx_hal_fdcan.o
                0x000000000800232a                HAL_FDCAN_TxEventFifoCallback
 .text.HAL_FDCAN_RxFifo1Callback
                0x0000000008002340       0x16 ./Drivers/STM32H5xx_HAL_Driver/Src/stm32h5xx_hal_fdcan.o
                0x0000000008002340                HAL_FDCAN_RxFifo1Callback
 .text.HAL_FDCAN_TxFifoEmptyCallback
                0x0000000008002356       0x14 ./Drivers/STM32H5xx_HAL_Driver/Src/stm32h5xx_hal_fdcan.o
                0x0000000008002356                HAL_FDCAN_TxFifoEmptyCallback
 .text.HAL_FDCAN_TxBufferCompleteCallback
                0x000000000800236a       0x16 ./Drivers/STM32H5xx_HAL_Driver/Src/stm32h5xx_hal_fdcan.o
                0x000000000800236a                HAL_FDCAN_TxBufferCompleteCallback
 .text.HAL_FDCAN_TxBufferAbortCallback
                0x0000000008002380       0x16 ./Drivers/STM32H5xx_HAL_Driver/Src/stm32h5xx_hal_fdcan.o
                0x0000000008002380                HAL_FDCAN_TxBufferAbortCallback
 .text.HAL_FDCAN_TimestampWraparoundCallback
                0x0000000008002396       0x14 ./Drivers/STM32H5xx_HAL_Driver/Src/stm32h5xx_hal_fdcan.o
                0x0000000008002396                HAL_FDCAN_TimestampWraparoundCallback
 .text.HAL_FDCAN_TimeoutOccurredCallback
                0x00000000080023aa       0x14 ./Drivers/STM32H5xx_HAL_Driver/Src/stm32h5xx_hal_fdcan.o
                0x00000000080023aa                HAL_FDCAN_TimeoutOccurredCallback
 .text.HAL_FDCAN_HighPriorityMessageCallback
                0x00000000080023be       0x14 ./Drivers/STM32H5xx_HAL_Driver/Src/stm32h5xx_hal_fdcan.o
                0x00000000080023be                HAL_FDCAN_HighPriorityMessageCallback
 .text.HAL_FDCAN_ErrorCallback
                0x00000000080023d2       0x14 ./Drivers/STM32H5xx_HAL_Driver/Src/stm32h5xx_hal_fdcan.o
                0x00000000080023d2                HAL_FDCAN_ErrorCallback
 .text.HAL_FDCAN_ErrorStatusCallback
                0x00000000080023e6       0x16 ./Drivers/STM32H5xx_HAL_Driver/Src/stm32h5xx_hal_fdcan.o
                0x00000000080023e6                HAL_FDCAN_ErrorStatusCallback
 .text.FDCAN_CalcultateRamBlockAddresses
                0x00000000080023fc       0xac ./Drivers/STM32H5xx_HAL_Driver/Src/stm32h5xx_hal_fdcan.o
 .text.FDCAN_CopyMessageToRAM
                0x00000000080024a8       0xf8 ./Drivers/STM32H5xx_HAL_Driver/Src/stm32h5xx_hal_fdcan.o
 .text.HAL_GPIO_Init
                0x00000000080025a0      0x2a4 ./Drivers/STM32H5xx_HAL_Driver/Src/stm32h5xx_hal_gpio.o
                0x00000000080025a0                HAL_GPIO_Init
 .text.HAL_GPIO_WritePin
                0x0000000008002844       0x30 ./Drivers/STM32H5xx_HAL_Driver/Src/stm32h5xx_hal_gpio.o
                0x0000000008002844                HAL_GPIO_WritePin
 .text.HAL_I2C_Init
                0x0000000008002874      0x11e ./Drivers/STM32H5xx_HAL_Driver/Src/stm32h5xx_hal_i2c.o
                0x0000000008002874                HAL_I2C_Init
 .text.HAL_I2CEx_ConfigAnalogFilter
                0x0000000008002992       0x96 ./Drivers/STM32H5xx_HAL_Driver/Src/stm32h5xx_hal_i2c_ex.o
                0x0000000008002992                HAL_I2CEx_ConfigAnalogFilter
 .text.HAL_I2CEx_ConfigDigitalFilter
                0x0000000008002a28       0x98 ./Drivers/STM32H5xx_HAL_Driver/Src/stm32h5xx_hal_i2c_ex.o
                0x0000000008002a28                HAL_I2CEx_ConfigDigitalFilter
 .text.HAL_ICACHE_Enable
                0x0000000008002ac0       0x20 ./Drivers/STM32H5xx_HAL_Driver/Src/stm32h5xx_hal_icache.o
                0x0000000008002ac0                HAL_ICACHE_Enable
 .text.HAL_PCD_Init
                0x0000000008002ae0      0x1b6 ./Drivers/STM32H5xx_HAL_Driver/Src/stm32h5xx_hal_pcd.o
                0x0000000008002ae0                HAL_PCD_Init
 .text.HAL_PCDEx_ActivateLPM
                0x0000000008002c96       0x44 ./Drivers/STM32H5xx_HAL_Driver/Src/stm32h5xx_hal_pcd_ex.o
                0x0000000008002c96                HAL_PCDEx_ActivateLPM
 *fill*         0x0000000008002cda        0x2 
 .text.HAL_RCC_OscConfig
                0x0000000008002cdc      0x870 ./Drivers/STM32H5xx_HAL_Driver/Src/stm32h5xx_hal_rcc.o
                0x0000000008002cdc                HAL_RCC_OscConfig
 .text.HAL_RCC_ClockConfig
                0x000000000800354c      0x370 ./Drivers/STM32H5xx_HAL_Driver/Src/stm32h5xx_hal_rcc.o
                0x000000000800354c                HAL_RCC_ClockConfig
 .text.HAL_RCC_GetSysClockFreq
                0x00000000080038bc      0x258 ./Drivers/STM32H5xx_HAL_Driver/Src/stm32h5xx_hal_rcc.o
                0x00000000080038bc                HAL_RCC_GetSysClockFreq
 .text.HAL_RCC_GetHCLKFreq
                0x0000000008003b14       0x38 ./Drivers/STM32H5xx_HAL_Driver/Src/stm32h5xx_hal_rcc.o
                0x0000000008003b14                HAL_RCC_GetHCLKFreq
 .text.HAL_RCC_GetPCLK1Freq
                0x0000000008003b4c       0x2c ./Drivers/STM32H5xx_HAL_Driver/Src/stm32h5xx_hal_rcc.o
                0x0000000008003b4c                HAL_RCC_GetPCLK1Freq
 .text.HAL_RCC_GetPCLK2Freq
                0x0000000008003b78       0x2c ./Drivers/STM32H5xx_HAL_Driver/Src/stm32h5xx_hal_rcc.o
                0x0000000008003b78                HAL_RCC_GetPCLK2Freq
 .text.HAL_RCC_GetPCLK3Freq
                0x0000000008003ba4       0x2c ./Drivers/STM32H5xx_HAL_Driver/Src/stm32h5xx_hal_rcc.o
                0x0000000008003ba4                HAL_RCC_GetPCLK3Freq
 .text.HAL_RCCEx_PeriphCLKConfig
                0x0000000008003bd0      0xc48 ./Drivers/STM32H5xx_HAL_Driver/Src/stm32h5xx_hal_rcc_ex.o
                0x0000000008003bd0                HAL_RCCEx_PeriphCLKConfig
 .text.HAL_RCCEx_GetPLL1ClockFreq
                0x0000000008004818      0x2d4 ./Drivers/STM32H5xx_HAL_Driver/Src/stm32h5xx_hal_rcc_ex.o
                0x0000000008004818                HAL_RCCEx_GetPLL1ClockFreq
 .text.HAL_RCCEx_GetPLL2ClockFreq
                0x0000000008004aec      0x2d4 ./Drivers/STM32H5xx_HAL_Driver/Src/stm32h5xx_hal_rcc_ex.o
                0x0000000008004aec                HAL_RCCEx_GetPLL2ClockFreq
 .text.HAL_RCCEx_GetPeriphCLKFreq
                0x0000000008004dc0      0xe74 ./Drivers/STM32H5xx_HAL_Driver/Src/stm32h5xx_hal_rcc_ex.o
                0x0000000008004dc0                HAL_RCCEx_GetPeriphCLKFreq
 .text.RCCEx_PLL2_Config
                0x0000000008005c34      0x130 ./Drivers/STM32H5xx_HAL_Driver/Src/stm32h5xx_hal_rcc_ex.o
 .text.HAL_UART_Init
                0x0000000008005d64       0xa0 ./Drivers/STM32H5xx_HAL_Driver/Src/stm32h5xx_hal_uart.o
                0x0000000008005d64                HAL_UART_Init
 .text.HAL_UART_Transmit
                0x0000000008005e04      0x13c ./Drivers/STM32H5xx_HAL_Driver/Src/stm32h5xx_hal_uart.o
                0x0000000008005e04                HAL_UART_Transmit
 .text.UART_SetConfig
                0x0000000008005f40      0x2fc ./Drivers/STM32H5xx_HAL_Driver/Src/stm32h5xx_hal_uart.o
                0x0000000008005f40                UART_SetConfig
 .text.UART_AdvFeatureConfig
                0x000000000800623c      0x144 ./Drivers/STM32H5xx_HAL_Driver/Src/stm32h5xx_hal_uart.o
                0x000000000800623c                UART_AdvFeatureConfig
 .text.UART_CheckIdleState
                0x0000000008006380      0x154 ./Drivers/STM32H5xx_HAL_Driver/Src/stm32h5xx_hal_uart.o
                0x0000000008006380                UART_CheckIdleState
 .text.UART_WaitOnFlagUntilTimeout
                0x00000000080064d4       0xce ./Drivers/STM32H5xx_HAL_Driver/Src/stm32h5xx_hal_uart.o
                0x00000000080064d4                UART_WaitOnFlagUntilTimeout
 .text.UART_EndRxTransfer
                0x00000000080065a2       0xcc ./Drivers/STM32H5xx_HAL_Driver/Src/stm32h5xx_hal_uart.o
 .text.HAL_UARTEx_DisableFifoMode
                0x000000000800666e       0x72 ./Drivers/STM32H5xx_HAL_Driver/Src/stm32h5xx_hal_uart_ex.o
                0x000000000800666e                HAL_UARTEx_DisableFifoMode
 .text.HAL_UARTEx_SetTxFifoThreshold
                0x00000000080066e0       0x7c ./Drivers/STM32H5xx_HAL_Driver/Src/stm32h5xx_hal_uart_ex.o
                0x00000000080066e0                HAL_UARTEx_SetTxFifoThreshold
 .text.HAL_UARTEx_SetRxFifoThreshold
                0x000000000800675c       0x7c ./Drivers/STM32H5xx_HAL_Driver/Src/stm32h5xx_hal_uart_ex.o
                0x000000000800675c                HAL_UARTEx_SetRxFifoThreshold
 .text.UARTEx_SetNbDataToProcess
                0x00000000080067d8       0x9c ./Drivers/STM32H5xx_HAL_Driver/Src/stm32h5xx_hal_uart_ex.o
 .text.USB_DisableGlobalInt
                0x0000000008006874       0x2a ./Drivers/STM32H5xx_HAL_Driver/Src/stm32h5xx_ll_usb.o
                0x0000000008006874                USB_DisableGlobalInt
 .text.USB_SetCurrentMode
                0x000000000800689e       0x46 ./Drivers/STM32H5xx_HAL_Driver/Src/stm32h5xx_ll_usb.o
                0x000000000800689e                USB_SetCurrentMode
 .text.USB_DevInit
                0x00000000080068e4       0x46 ./Drivers/STM32H5xx_HAL_Driver/Src/stm32h5xx_ll_usb.o
                0x00000000080068e4                USB_DevInit
 *fill*         0x000000000800692a        0x2 
 .text.__errno  0x000000000800692c        0xc /Applications/STM32CubeIDE.app/Contents/Eclipse/plugins/com.st.stm32cube.ide.mcu.externaltools.gnu-tools-for-stm32.10.3-2021.10.macos64_1.0.200.202301161003/tools/bin/../lib/gcc/arm-none-eabi/10.3.1/../../../../arm-none-eabi/lib/thumb/v8-m.main+fp/hard/libc_nano.a(lib_a-errno.o)
                0x000000000800692c                __errno
 .text.__libc_init_array
                0x0000000008006938       0x48 /Applications/STM32CubeIDE.app/Contents/Eclipse/plugins/com.st.stm32cube.ide.mcu.externaltools.gnu-tools-for-stm32.10.3-2021.10.macos64_1.0.200.202301161003/tools/bin/../lib/gcc/arm-none-eabi/10.3.1/../../../../arm-none-eabi/lib/thumb/v8-m.main+fp/hard/libc_nano.a(lib_a-init.o)
                0x0000000008006938                __libc_init_array
 .text.memset   0x0000000008006980       0x10 /Applications/STM32CubeIDE.app/Contents/Eclipse/plugins/com.st.stm32cube.ide.mcu.externaltools.gnu-tools-for-stm32.10.3-2021.10.macos64_1.0.200.202301161003/tools/bin/../lib/gcc/arm-none-eabi/10.3.1/../../../../arm-none-eabi/lib/thumb/v8-m.main+fp/hard/libc_nano.a(lib_a-memset.o)
                0x0000000008006980                memset
 .text.printf   0x0000000008006990       0x30 /Applications/STM32CubeIDE.app/Contents/Eclipse/plugins/com.st.stm32cube.ide.mcu.externaltools.gnu-tools-for-stm32.10.3-2021.10.macos64_1.0.200.202301161003/tools/bin/../lib/gcc/arm-none-eabi/10.3.1/../../../../arm-none-eabi/lib/thumb/v8-m.main+fp/hard/libc_nano.a(lib_a-printf.o)
                0x0000000008006990                printf
                0x0000000008006990                iprintf
 .text._puts_r  0x00000000080069c0       0xdc /Applications/STM32CubeIDE.app/Contents/Eclipse/plugins/com.st.stm32cube.ide.mcu.externaltools.gnu-tools-for-stm32.10.3-2021.10.macos64_1.0.200.202301161003/tools/bin/../lib/gcc/arm-none-eabi/10.3.1/../../../../arm-none-eabi/lib/thumb/v8-m.main+fp/hard/libc_nano.a(lib_a-puts.o)
                0x00000000080069c0                _puts_r
 .text.puts     0x0000000008006a9c       0x10 /Applications/STM32CubeIDE.app/Contents/Eclipse/plugins/com.st.stm32cube.ide.mcu.externaltools.gnu-tools-for-stm32.10.3-2021.10.macos64_1.0.200.202301161003/tools/bin/../lib/gcc/arm-none-eabi/10.3.1/../../../../arm-none-eabi/lib/thumb/v8-m.main+fp/hard/libc_nano.a(lib_a-puts.o)
                0x0000000008006a9c                puts
 .text.__swbuf_r
                0x0000000008006aac       0xa4 /Applications/STM32CubeIDE.app/Contents/Eclipse/plugins/com.st.stm32cube.ide.mcu.externaltools.gnu-tools-for-stm32.10.3-2021.10.macos64_1.0.200.202301161003/tools/bin/../lib/gcc/arm-none-eabi/10.3.1/../../../../arm-none-eabi/lib/thumb/v8-m.main+fp/hard/libc_nano.a(lib_a-wbuf.o)
                0x0000000008006aac                __swbuf_r
 .text.__swsetup_r
                0x0000000008006b50       0xdc /Applications/STM32CubeIDE.app/Contents/Eclipse/plugins/com.st.stm32cube.ide.mcu.externaltools.gnu-tools-for-stm32.10.3-2021.10.macos64_1.0.200.202301161003/tools/bin/../lib/gcc/arm-none-eabi/10.3.1/../../../../arm-none-eabi/lib/thumb/v8-m.main+fp/hard/libc_nano.a(lib_a-wsetup.o)
                0x0000000008006b50                __swsetup_r
 .text.__sflush_r
                0x0000000008006c2c      0x108 /Applications/STM32CubeIDE.app/Contents/Eclipse/plugins/com.st.stm32cube.ide.mcu.externaltools.gnu-tools-for-stm32.10.3-2021.10.macos64_1.0.200.202301161003/tools/bin/../lib/gcc/arm-none-eabi/10.3.1/../../../../arm-none-eabi/lib/thumb/v8-m.main+fp/hard/libc_nano.a(lib_a-fflush.o)
                0x0000000008006c2c                __sflush_r
 .text._fflush_r
                0x0000000008006d34       0x78 /Applications/STM32CubeIDE.app/Contents/Eclipse/plugins/com.st.stm32cube.ide.mcu.externaltools.gnu-tools-for-stm32.10.3-2021.10.macos64_1.0.200.202301161003/tools/bin/../lib/gcc/arm-none-eabi/10.3.1/../../../../arm-none-eabi/lib/thumb/v8-m.main+fp/hard/libc_nano.a(lib_a-fflush.o)
                0x0000000008006d34                _fflush_r
 .text.std      0x0000000008006dac       0x48 /Applications/STM32CubeIDE.app/Contents/Eclipse/plugins/com.st.stm32cube.ide.mcu.externaltools.gnu-tools-for-stm32.10.3-2021.10.macos64_1.0.200.202301161003/tools/bin/../lib/gcc/arm-none-eabi/10.3.1/../../../../arm-none-eabi/lib/thumb/v8-m.main+fp/hard/libc_nano.a(lib_a-findfp.o)
 .text._cleanup_r
                0x0000000008006df4        0xc /Applications/STM32CubeIDE.app/Contents/Eclipse/plugins/com.st.stm32cube.ide.mcu.externaltools.gnu-tools-for-stm32.10.3-2021.10.macos64_1.0.200.202301161003/tools/bin/../lib/gcc/arm-none-eabi/10.3.1/../../../../arm-none-eabi/lib/thumb/v8-m.main+fp/hard/libc_nano.a(lib_a-findfp.o)
                0x0000000008006df4                _cleanup_r
 .text.__sfmoreglue
                0x0000000008006e00       0x2c /Applications/STM32CubeIDE.app/Contents/Eclipse/plugins/com.st.stm32cube.ide.mcu.externaltools.gnu-tools-for-stm32.10.3-2021.10.macos64_1.0.200.202301161003/tools/bin/../lib/gcc/arm-none-eabi/10.3.1/../../../../arm-none-eabi/lib/thumb/v8-m.main+fp/hard/libc_nano.a(lib_a-findfp.o)
                0x0000000008006e00                __sfmoreglue
 .text.__sfp_lock_acquire
                0x0000000008006e2c        0xc /Applications/STM32CubeIDE.app/Contents/Eclipse/plugins/com.st.stm32cube.ide.mcu.externaltools.gnu-tools-for-stm32.10.3-2021.10.macos64_1.0.200.202301161003/tools/bin/../lib/gcc/arm-none-eabi/10.3.1/../../../../arm-none-eabi/lib/thumb/v8-m.main+fp/hard/libc_nano.a(lib_a-findfp.o)
                0x0000000008006e2c                __sfp_lock_acquire
 .text.__sfp_lock_release
                0x0000000008006e38        0xc /Applications/STM32CubeIDE.app/Contents/Eclipse/plugins/com.st.stm32cube.ide.mcu.externaltools.gnu-tools-for-stm32.10.3-2021.10.macos64_1.0.200.202301161003/tools/bin/../lib/gcc/arm-none-eabi/10.3.1/../../../../arm-none-eabi/lib/thumb/v8-m.main+fp/hard/libc_nano.a(lib_a-findfp.o)
                0x0000000008006e38                __sfp_lock_release
 .text.__sinit_lock_acquire
                0x0000000008006e44        0xc /Applications/STM32CubeIDE.app/Contents/Eclipse/plugins/com.st.stm32cube.ide.mcu.externaltools.gnu-tools-for-stm32.10.3-2021.10.macos64_1.0.200.202301161003/tools/bin/../lib/gcc/arm-none-eabi/10.3.1/../../../../arm-none-eabi/lib/thumb/v8-m.main+fp/hard/libc_nano.a(lib_a-findfp.o)
                0x0000000008006e44                __sinit_lock_acquire
 .text.__sinit_lock_release
                0x0000000008006e50        0xc /Applications/STM32CubeIDE.app/Contents/Eclipse/plugins/com.st.stm32cube.ide.mcu.externaltools.gnu-tools-for-stm32.10.3-2021.10.macos64_1.0.200.202301161003/tools/bin/../lib/gcc/arm-none-eabi/10.3.1/../../../../arm-none-eabi/lib/thumb/v8-m.main+fp/hard/libc_nano.a(lib_a-findfp.o)
                0x0000000008006e50                __sinit_lock_release
 .text.__sinit  0x0000000008006e5c       0x70 /Applications/STM32CubeIDE.app/Contents/Eclipse/plugins/com.st.stm32cube.ide.mcu.externaltools.gnu-tools-for-stm32.10.3-2021.10.macos64_1.0.200.202301161003/tools/bin/../lib/gcc/arm-none-eabi/10.3.1/../../../../arm-none-eabi/lib/thumb/v8-m.main+fp/hard/libc_nano.a(lib_a-findfp.o)
                0x0000000008006e5c                __sinit
 .text.__sfp    0x0000000008006ecc       0x8c /Applications/STM32CubeIDE.app/Contents/Eclipse/plugins/com.st.stm32cube.ide.mcu.externaltools.gnu-tools-for-stm32.10.3-2021.10.macos64_1.0.200.202301161003/tools/bin/../lib/gcc/arm-none-eabi/10.3.1/../../../../arm-none-eabi/lib/thumb/v8-m.main+fp/hard/libc_nano.a(lib_a-findfp.o)
                0x0000000008006ecc                __sfp
 .text._fwalk_reent
                0x0000000008006f58       0x3e /Applications/STM32CubeIDE.app/Contents/Eclipse/plugins/com.st.stm32cube.ide.mcu.externaltools.gnu-tools-for-stm32.10.3-2021.10.macos64_1.0.200.202301161003/tools/bin/../lib/gcc/arm-none-eabi/10.3.1/../../../../arm-none-eabi/lib/thumb/v8-m.main+fp/hard/libc_nano.a(lib_a-fwalk.o)
                0x0000000008006f58                _fwalk_reent
 .text.__retarget_lock_init_recursive
                0x0000000008006f96        0x2 /Applications/STM32CubeIDE.app/Contents/Eclipse/plugins/com.st.stm32cube.ide.mcu.externaltools.gnu-tools-for-stm32.10.3-2021.10.macos64_1.0.200.202301161003/tools/bin/../lib/gcc/arm-none-eabi/10.3.1/../../../../arm-none-eabi/lib/thumb/v8-m.main+fp/hard/libc_nano.a(lib_a-lock.o)
                0x0000000008006f96                __retarget_lock_init_recursive
 .text.__retarget_lock_acquire_recursive
                0x0000000008006f98        0x2 /Applications/STM32CubeIDE.app/Contents/Eclipse/plugins/com.st.stm32cube.ide.mcu.externaltools.gnu-tools-for-stm32.10.3-2021.10.macos64_1.0.200.202301161003/tools/bin/../lib/gcc/arm-none-eabi/10.3.1/../../../../arm-none-eabi/lib/thumb/v8-m.main+fp/hard/libc_nano.a(lib_a-lock.o)
                0x0000000008006f98                __retarget_lock_acquire_recursive
 .text.__retarget_lock_release_recursive
                0x0000000008006f9a        0x2 /Applications/STM32CubeIDE.app/Contents/Eclipse/plugins/com.st.stm32cube.ide.mcu.externaltools.gnu-tools-for-stm32.10.3-2021.10.macos64_1.0.200.202301161003/tools/bin/../lib/gcc/arm-none-eabi/10.3.1/../../../../arm-none-eabi/lib/thumb/v8-m.main+fp/hard/libc_nano.a(lib_a-lock.o)
                0x0000000008006f9a                __retarget_lock_release_recursive
 .text.__swhatbuf_r
                0x0000000008006f9c       0x4a /Applications/STM32CubeIDE.app/Contents/Eclipse/plugins/com.st.stm32cube.ide.mcu.externaltools.gnu-tools-for-stm32.10.3-2021.10.macos64_1.0.200.202301161003/tools/bin/../lib/gcc/arm-none-eabi/10.3.1/../../../../arm-none-eabi/lib/thumb/v8-m.main+fp/hard/libc_nano.a(lib_a-makebuf.o)
                0x0000000008006f9c                __swhatbuf_r
 *fill*         0x0000000008006fe6        0x2 
 .text.__smakebuf_r
                0x0000000008006fe8       0x80 /Applications/STM32CubeIDE.app/Contents/Eclipse/plugins/com.st.stm32cube.ide.mcu.externaltools.gnu-tools-for-stm32.10.3-2021.10.macos64_1.0.200.202301161003/tools/bin/../lib/gcc/arm-none-eabi/10.3.1/../../../../arm-none-eabi/lib/thumb/v8-m.main+fp/hard/libc_nano.a(lib_a-makebuf.o)
                0x0000000008006fe8                __smakebuf_r
 .text._free_r  0x0000000008007068       0x98 /Applications/STM32CubeIDE.app/Contents/Eclipse/plugins/com.st.stm32cube.ide.mcu.externaltools.gnu-tools-for-stm32.10.3-2021.10.macos64_1.0.200.202301161003/tools/bin/../lib/gcc/arm-none-eabi/10.3.1/../../../../arm-none-eabi/lib/thumb/v8-m.main+fp/hard/libc_nano.a(lib_a-nano-freer.o)
                0x0000000008007068                _free_r
 .text.sbrk_aligned
                0x0000000008007100       0x40 /Applications/STM32CubeIDE.app/Contents/Eclipse/plugins/com.st.stm32cube.ide.mcu.externaltools.gnu-tools-for-stm32.10.3-2021.10.macos64_1.0.200.202301161003/tools/bin/../lib/gcc/arm-none-eabi/10.3.1/../../../../arm-none-eabi/lib/thumb/v8-m.main+fp/hard/libc_nano.a(lib_a-nano-mallocr.o)
 .text._malloc_r
                0x0000000008007140       0xe8 /Applications/STM32CubeIDE.app/Contents/Eclipse/plugins/com.st.stm32cube.ide.mcu.externaltools.gnu-tools-for-stm32.10.3-2021.10.macos64_1.0.200.202301161003/tools/bin/../lib/gcc/arm-none-eabi/10.3.1/../../../../arm-none-eabi/lib/thumb/v8-m.main+fp/hard/libc_nano.a(lib_a-nano-mallocr.o)
                0x0000000008007140                _malloc_r
 .text.__sfputc_r
                0x0000000008007228       0x2e /Applications/STM32CubeIDE.app/Contents/Eclipse/plugins/com.st.stm32cube.ide.mcu.externaltools.gnu-tools-for-stm32.10.3-2021.10.macos64_1.0.200.202301161003/tools/bin/../lib/gcc/arm-none-eabi/10.3.1/../../../../arm-none-eabi/lib/thumb/v8-m.main+fp/hard/libc_nano.a(lib_a-nano-vfprintf.o)
 .text.__sfputs_r
                0x0000000008007256       0x24 /Applications/STM32CubeIDE.app/Contents/Eclipse/plugins/com.st.stm32cube.ide.mcu.externaltools.gnu-tools-for-stm32.10.3-2021.10.macos64_1.0.200.202301161003/tools/bin/../lib/gcc/arm-none-eabi/10.3.1/../../../../arm-none-eabi/lib/thumb/v8-m.main+fp/hard/libc_nano.a(lib_a-nano-vfprintf.o)
                0x0000000008007256                __sfputs_r
 *fill*         0x000000000800727a        0x2 
 .text._vfprintf_r
                0x000000000800727c      0x260 /Applications/STM32CubeIDE.app/Contents/Eclipse/plugins/com.st.stm32cube.ide.mcu.externaltools.gnu-tools-for-stm32.10.3-2021.10.macos64_1.0.200.202301161003/tools/bin/../lib/gcc/arm-none-eabi/10.3.1/../../../../arm-none-eabi/lib/thumb/v8-m.main+fp/hard/libc_nano.a(lib_a-nano-vfprintf.o)
                0x000000000800727c                _vfiprintf_r
                0x000000000800727c                _vfprintf_r
 .text._printf_common
                0x00000000080074dc       0xe0 /Applications/STM32CubeIDE.app/Contents/Eclipse/plugins/com.st.stm32cube.ide.mcu.externaltools.gnu-tools-for-stm32.10.3-2021.10.macos64_1.0.200.202301161003/tools/bin/../lib/gcc/arm-none-eabi/10.3.1/../../../../arm-none-eabi/lib/thumb/v8-m.main+fp/hard/libc_nano.a(lib_a-nano-vfprintf_i.o)
                0x00000000080074dc                _printf_common
 .text._printf_i
                0x00000000080075bc      0x24c /Applications/STM32CubeIDE.app/Contents/Eclipse/plugins/com.st.stm32cube.ide.mcu.externaltools.gnu-tools-for-stm32.10.3-2021.10.macos64_1.0.200.202301161003/tools/bin/../lib/gcc/arm-none-eabi/10.3.1/../../../../arm-none-eabi/lib/thumb/v8-m.main+fp/hard/libc_nano.a(lib_a-nano-vfprintf_i.o)
                0x00000000080075bc                _printf_i
 .text._sbrk_r  0x0000000008007808       0x20 /Applications/STM32CubeIDE.app/Contents/Eclipse/plugins/com.st.stm32cube.ide.mcu.externaltools.gnu-tools-for-stm32.10.3-2021.10.macos64_1.0.200.202301161003/tools/bin/../lib/gcc/arm-none-eabi/10.3.1/../../../../arm-none-eabi/lib/thumb/v8-m.main+fp/hard/libc_nano.a(lib_a-sbrkr.o)
                0x0000000008007808                _sbrk_r
 .text.__sread  0x0000000008007828       0x22 /Applications/STM32CubeIDE.app/Contents/Eclipse/plugins/com.st.stm32cube.ide.mcu.externaltools.gnu-tools-for-stm32.10.3-2021.10.macos64_1.0.200.202301161003/tools/bin/../lib/gcc/arm-none-eabi/10.3.1/../../../../arm-none-eabi/lib/thumb/v8-m.main+fp/hard/libc_nano.a(lib_a-stdio.o)
                0x0000000008007828                __sread
 .text.__swrite
                0x000000000800784a       0x38 /Applications/STM32CubeIDE.app/Contents/Eclipse/plugins/com.st.stm32cube.ide.mcu.externaltools.gnu-tools-for-stm32.10.3-2021.10.macos64_1.0.200.202301161003/tools/bin/../lib/gcc/arm-none-eabi/10.3.1/../../../../arm-none-eabi/lib/thumb/v8-m.main+fp/hard/libc_nano.a(lib_a-stdio.o)
                0x000000000800784a                __swrite
 .text.__sseek  0x0000000008007882       0x24 /Applications/STM32CubeIDE.app/Contents/Eclipse/plugins/com.st.stm32cube.ide.mcu.externaltools.gnu-tools-for-stm32.10.3-2021.10.macos64_1.0.200.202301161003/tools/bin/../lib/gcc/arm-none-eabi/10.3.1/../../../../arm-none-eabi/lib/thumb/v8-m.main+fp/hard/libc_nano.a(lib_a-stdio.o)
                0x0000000008007882                __sseek
 .text.__sclose
                0x00000000080078a6        0x8 /Applications/STM32CubeIDE.app/Contents/Eclipse/plugins/com.st.stm32cube.ide.mcu.externaltools.gnu-tools-for-stm32.10.3-2021.10.macos64_1.0.200.202301161003/tools/bin/../lib/gcc/arm-none-eabi/10.3.1/../../../../arm-none-eabi/lib/thumb/v8-m.main+fp/hard/libc_nano.a(lib_a-stdio.o)
                0x00000000080078a6                __sclose
 *fill*         0x00000000080078ae        0x2 
 .text._write_r
                0x00000000080078b0       0x24 /Applications/STM32CubeIDE.app/Contents/Eclipse/plugins/com.st.stm32cube.ide.mcu.externaltools.gnu-tools-for-stm32.10.3-2021.10.macos64_1.0.200.202301161003/tools/bin/../lib/gcc/arm-none-eabi/10.3.1/../../../../arm-none-eabi/lib/thumb/v8-m.main+fp/hard/libc_nano.a(lib_a-writer.o)
                0x00000000080078b0                _write_r
 .text._close_r
                0x00000000080078d4       0x20 /Applications/STM32CubeIDE.app/Contents/Eclipse/plugins/com.st.stm32cube.ide.mcu.externaltools.gnu-tools-for-stm32.10.3-2021.10.macos64_1.0.200.202301161003/tools/bin/../lib/gcc/arm-none-eabi/10.3.1/../../../../arm-none-eabi/lib/thumb/v8-m.main+fp/hard/libc_nano.a(lib_a-closer.o)
                0x00000000080078d4                _close_r
 .text._fstat_r
                0x00000000080078f4       0x24 /Applications/STM32CubeIDE.app/Contents/Eclipse/plugins/com.st.stm32cube.ide.mcu.externaltools.gnu-tools-for-stm32.10.3-2021.10.macos64_1.0.200.202301161003/tools/bin/../lib/gcc/arm-none-eabi/10.3.1/../../../../arm-none-eabi/lib/thumb/v8-m.main+fp/hard/libc_nano.a(lib_a-fstatr.o)
                0x00000000080078f4                _fstat_r
 .text._isatty_r
                0x0000000008007918       0x20 /Applications/STM32CubeIDE.app/Contents/Eclipse/plugins/com.st.stm32cube.ide.mcu.externaltools.gnu-tools-for-stm32.10.3-2021.10.macos64_1.0.200.202301161003/tools/bin/../lib/gcc/arm-none-eabi/10.3.1/../../../../arm-none-eabi/lib/thumb/v8-m.main+fp/hard/libc_nano.a(lib_a-isattyr.o)
                0x0000000008007918                _isatty_r
 .text._lseek_r
                0x0000000008007938       0x24 /Applications/STM32CubeIDE.app/Contents/Eclipse/plugins/com.st.stm32cube.ide.mcu.externaltools.gnu-tools-for-stm32.10.3-2021.10.macos64_1.0.200.202301161003/tools/bin/../lib/gcc/arm-none-eabi/10.3.1/../../../../arm-none-eabi/lib/thumb/v8-m.main+fp/hard/libc_nano.a(lib_a-lseekr.o)
                0x0000000008007938                _lseek_r
 .text.memchr   0x000000000800795c       0x1c /Applications/STM32CubeIDE.app/Contents/Eclipse/plugins/com.st.stm32cube.ide.mcu.externaltools.gnu-tools-for-stm32.10.3-2021.10.macos64_1.0.200.202301161003/tools/bin/../lib/gcc/arm-none-eabi/10.3.1/../../../../arm-none-eabi/lib/thumb/v8-m.main+fp/hard/libc_nano.a(lib_a-memchr-stub.o)
                0x000000000800795c                memchr
 .text.__malloc_lock
                0x0000000008007978        0xc /Applications/STM32CubeIDE.app/Contents/Eclipse/plugins/com.st.stm32cube.ide.mcu.externaltools.gnu-tools-for-stm32.10.3-2021.10.macos64_1.0.200.202301161003/tools/bin/../lib/gcc/arm-none-eabi/10.3.1/../../../../arm-none-eabi/lib/thumb/v8-m.main+fp/hard/libc_nano.a(lib_a-mlock.o)
                0x0000000008007978                __malloc_lock
 .text.__malloc_unlock
                0x0000000008007984        0xc /Applications/STM32CubeIDE.app/Contents/Eclipse/plugins/com.st.stm32cube.ide.mcu.externaltools.gnu-tools-for-stm32.10.3-2021.10.macos64_1.0.200.202301161003/tools/bin/../lib/gcc/arm-none-eabi/10.3.1/../../../../arm-none-eabi/lib/thumb/v8-m.main+fp/hard/libc_nano.a(lib_a-mlock.o)
                0x0000000008007984                __malloc_unlock
 .text._read_r  0x0000000008007990       0x24 /Applications/STM32CubeIDE.app/Contents/Eclipse/plugins/com.st.stm32cube.ide.mcu.externaltools.gnu-tools-for-stm32.10.3-2021.10.macos64_1.0.200.202301161003/tools/bin/../lib/gcc/arm-none-eabi/10.3.1/../../../../arm-none-eabi/lib/thumb/v8-m.main+fp/hard/libc_nano.a(lib_a-readr.o)
                0x0000000008007990                _read_r
 *(.glue_7)
 .glue_7        0x00000000080079b4        0x0 linker stubs
 *(.glue_7t)
 .glue_7t       0x00000000080079b4        0x0 linker stubs
 *(.eh_frame)
 .eh_frame      0x00000000080079b4        0x0 /Applications/STM32CubeIDE.app/Contents/Eclipse/plugins/com.st.stm32cube.ide.mcu.externaltools.gnu-tools-for-stm32.10.3-2021.10.macos64_1.0.200.202301161003/tools/bin/../lib/gcc/arm-none-eabi/10.3.1/thumb/v8-m.main+fp/hard/crtbegin.o
 *(.init)
 .init          0x00000000080079b4        0x4 /Applications/STM32CubeIDE.app/Contents/Eclipse/plugins/com.st.stm32cube.ide.mcu.externaltools.gnu-tools-for-stm32.10.3-2021.10.macos64_1.0.200.202301161003/tools/bin/../lib/gcc/arm-none-eabi/10.3.1/thumb/v8-m.main+fp/hard/crti.o
                0x00000000080079b4                _init
 .init          0x00000000080079b8        0x8 /Applications/STM32CubeIDE.app/Contents/Eclipse/plugins/com.st.stm32cube.ide.mcu.externaltools.gnu-tools-for-stm32.10.3-2021.10.macos64_1.0.200.202301161003/tools/bin/../lib/gcc/arm-none-eabi/10.3.1/thumb/v8-m.main+fp/hard/crtn.o
 *(.fini)
 .fini          0x00000000080079c0        0x4 /Applications/STM32CubeIDE.app/Contents/Eclipse/plugins/com.st.stm32cube.ide.mcu.externaltools.gnu-tools-for-stm32.10.3-2021.10.macos64_1.0.200.202301161003/tools/bin/../lib/gcc/arm-none-eabi/10.3.1/thumb/v8-m.main+fp/hard/crti.o
                0x00000000080079c0                _fini
 .fini          0x00000000080079c4        0x8 /Applications/STM32CubeIDE.app/Contents/Eclipse/plugins/com.st.stm32cube.ide.mcu.externaltools.gnu-tools-for-stm32.10.3-2021.10.macos64_1.0.200.202301161003/tools/bin/../lib/gcc/arm-none-eabi/10.3.1/thumb/v8-m.main+fp/hard/crtn.o
                0x00000000080079cc                . = ALIGN (0x4)
                0x00000000080079cc                _etext = .

.vfp11_veneer   0x00000000080079cc        0x0
 .vfp11_veneer  0x00000000080079cc        0x0 linker stubs

.v4_bx          0x00000000080079cc        0x0
 .v4_bx         0x00000000080079cc        0x0 linker stubs

.iplt           0x00000000080079cc        0x0
 .iplt          0x00000000080079cc        0x0 /Applications/STM32CubeIDE.app/Contents/Eclipse/plugins/com.st.stm32cube.ide.mcu.externaltools.gnu-tools-for-stm32.10.3-2021.10.macos64_1.0.200.202301161003/tools/bin/../lib/gcc/arm-none-eabi/10.3.1/thumb/v8-m.main+fp/hard/crtbegin.o

.rodata         0x00000000080079cc      0x2f8
                0x00000000080079cc                . = ALIGN (0x4)
 *(.rodata)
 .rodata        0x00000000080079cc       0x61 ./Core/Src/main.o
 *fill*         0x0000000008007a2d        0x3 
 .rodata        0x0000000008007a30      0x19a ./Core/Src/skp_can.o
 *(.rodata*)
 *fill*         0x0000000008007bca        0x2 
 .rodata.DLCtoBytes
                0x0000000008007bcc       0x10 ./Core/Src/skp_can.o
 .rodata.AHBPrescTable
                0x0000000008007bdc       0x10 ./Core/Src/system_stm32h5xx.o
                0x0000000008007bdc                AHBPrescTable
 .rodata.APBPrescTable
                0x0000000008007bec        0x8 ./Core/Src/system_stm32h5xx.o
                0x0000000008007bec                APBPrescTable
 .rodata.DLCtoBytes
                0x0000000008007bf4       0x10 ./Drivers/STM32H5xx_HAL_Driver/Src/stm32h5xx_hal_fdcan.o
 .rodata.UARTPrescTable
                0x0000000008007c04       0x18 ./Drivers/STM32H5xx_HAL_Driver/Src/stm32h5xx_hal_uart.o
                0x0000000008007c04                UARTPrescTable
 .rodata.numerator.1
                0x0000000008007c1c        0x8 ./Drivers/STM32H5xx_HAL_Driver/Src/stm32h5xx_hal_uart_ex.o
 .rodata.denominator.0
                0x0000000008007c24        0x8 ./Drivers/STM32H5xx_HAL_Driver/Src/stm32h5xx_hal_uart_ex.o
 .rodata._global_impure_ptr
                0x0000000008007c2c        0x4 /Applications/STM32CubeIDE.app/Contents/Eclipse/plugins/com.st.stm32cube.ide.mcu.externaltools.gnu-tools-for-stm32.10.3-2021.10.macos64_1.0.200.202301161003/tools/bin/../lib/gcc/arm-none-eabi/10.3.1/../../../../arm-none-eabi/lib/thumb/v8-m.main+fp/hard/libc_nano.a(lib_a-impure.o)
                0x0000000008007c2c                _global_impure_ptr
 .rodata.__sf_fake_stderr
                0x0000000008007c30       0x20 /Applications/STM32CubeIDE.app/Contents/Eclipse/plugins/com.st.stm32cube.ide.mcu.externaltools.gnu-tools-for-stm32.10.3-2021.10.macos64_1.0.200.202301161003/tools/bin/../lib/gcc/arm-none-eabi/10.3.1/../../../../arm-none-eabi/lib/thumb/v8-m.main+fp/hard/libc_nano.a(lib_a-findfp.o)
                0x0000000008007c30                __sf_fake_stderr
 .rodata.__sf_fake_stdin
                0x0000000008007c50       0x20 /Applications/STM32CubeIDE.app/Contents/Eclipse/plugins/com.st.stm32cube.ide.mcu.externaltools.gnu-tools-for-stm32.10.3-2021.10.macos64_1.0.200.202301161003/tools/bin/../lib/gcc/arm-none-eabi/10.3.1/../../../../arm-none-eabi/lib/thumb/v8-m.main+fp/hard/libc_nano.a(lib_a-findfp.o)
                0x0000000008007c50                __sf_fake_stdin
 .rodata.__sf_fake_stdout
                0x0000000008007c70       0x20 /Applications/STM32CubeIDE.app/Contents/Eclipse/plugins/com.st.stm32cube.ide.mcu.externaltools.gnu-tools-for-stm32.10.3-2021.10.macos64_1.0.200.202301161003/tools/bin/../lib/gcc/arm-none-eabi/10.3.1/../../../../arm-none-eabi/lib/thumb/v8-m.main+fp/hard/libc_nano.a(lib_a-findfp.o)
                0x0000000008007c70                __sf_fake_stdout
 .rodata._vfprintf_r.str1.1
                0x0000000008007c90       0x11 /Applications/STM32CubeIDE.app/Contents/Eclipse/plugins/com.st.stm32cube.ide.mcu.externaltools.gnu-tools-for-stm32.10.3-2021.10.macos64_1.0.200.202301161003/tools/bin/../lib/gcc/arm-none-eabi/10.3.1/../../../../arm-none-eabi/lib/thumb/v8-m.main+fp/hard/libc_nano.a(lib_a-nano-vfprintf.o)
 .rodata._printf_i.str1.1
                0x0000000008007ca1       0x22 /Applications/STM32CubeIDE.app/Contents/Eclipse/plugins/com.st.stm32cube.ide.mcu.externaltools.gnu-tools-for-stm32.10.3-2021.10.macos64_1.0.200.202301161003/tools/bin/../lib/gcc/arm-none-eabi/10.3.1/../../../../arm-none-eabi/lib/thumb/v8-m.main+fp/hard/libc_nano.a(lib_a-nano-vfprintf_i.o)
                0x0000000008007cc4                . = ALIGN (0x4)
 *fill*         0x0000000008007cc3        0x1 

.ARM.extab      0x0000000008007cc4        0x0
                0x0000000008007cc4                . = ALIGN (0x4)
 *(.ARM.extab* .gnu.linkonce.armextab.*)
                0x0000000008007cc4                . = ALIGN (0x4)

.ARM            0x0000000008007cc4        0x8
                0x0000000008007cc4                . = ALIGN (0x4)
                0x0000000008007cc4                __exidx_start = .
 *(.ARM.exidx*)
 .ARM.exidx     0x0000000008007cc4        0x8 /Applications/STM32CubeIDE.app/Contents/Eclipse/plugins/com.st.stm32cube.ide.mcu.externaltools.gnu-tools-for-stm32.10.3-2021.10.macos64_1.0.200.202301161003/tools/bin/../lib/gcc/arm-none-eabi/10.3.1/thumb/v8-m.main+fp/hard/libgcc.a(_udivmoddi4.o)
                0x0000000008007ccc                __exidx_end = .
                0x0000000008007ccc                . = ALIGN (0x4)

.rel.dyn        0x0000000008007ccc        0x0
 .rel.iplt      0x0000000008007ccc        0x0 /Applications/STM32CubeIDE.app/Contents/Eclipse/plugins/com.st.stm32cube.ide.mcu.externaltools.gnu-tools-for-stm32.10.3-2021.10.macos64_1.0.200.202301161003/tools/bin/../lib/gcc/arm-none-eabi/10.3.1/thumb/v8-m.main+fp/hard/crtbegin.o

.preinit_array  0x0000000008007ccc        0x0
                0x0000000008007ccc                . = ALIGN (0x4)
                0x0000000008007ccc                PROVIDE (__preinit_array_start = .)
 *(.preinit_array*)
                0x0000000008007ccc                PROVIDE (__preinit_array_end = .)
                0x0000000008007ccc                . = ALIGN (0x4)

.init_array     0x0000000008007ccc        0x4
                0x0000000008007ccc                . = ALIGN (0x4)
                0x0000000008007ccc                PROVIDE (__init_array_start = .)
 *(SORT_BY_NAME(.init_array.*))
 *(.init_array*)
 .init_array    0x0000000008007ccc        0x4 /Applications/STM32CubeIDE.app/Contents/Eclipse/plugins/com.st.stm32cube.ide.mcu.externaltools.gnu-tools-for-stm32.10.3-2021.10.macos64_1.0.200.202301161003/tools/bin/../lib/gcc/arm-none-eabi/10.3.1/thumb/v8-m.main+fp/hard/crtbegin.o
                0x0000000008007cd0                PROVIDE (__init_array_end = .)
                0x0000000008007cd0                . = ALIGN (0x4)

.fini_array     0x0000000008007cd0        0x4
                0x0000000008007cd0                . = ALIGN (0x4)
                [!provide]                        PROVIDE (__fini_array_start = .)
 *(SORT_BY_NAME(.fini_array.*))
 *(.fini_array*)
 .fini_array    0x0000000008007cd0        0x4 /Applications/STM32CubeIDE.app/Contents/Eclipse/plugins/com.st.stm32cube.ide.mcu.externaltools.gnu-tools-for-stm32.10.3-2021.10.macos64_1.0.200.202301161003/tools/bin/../lib/gcc/arm-none-eabi/10.3.1/thumb/v8-m.main+fp/hard/crtbegin.o
                [!provide]                        PROVIDE (__fini_array_end = .)
                0x0000000008007cd4                . = ALIGN (0x4)
                0x0000000008007cd4                _sidata = LOADADDR (.data)

.data           0x0000000020000000       0x70 load address 0x0000000008007cd4
                0x0000000020000000                . = ALIGN (0x4)
                0x0000000020000000                _sdata = .
 *(.data)
 *(.data*)
 .data.SystemCoreClock
                0x0000000020000000        0x4 ./Core/Src/system_stm32h5xx.o
                0x0000000020000000                SystemCoreClock
 .data.uwTickPrio
                0x0000000020000004        0x4 ./Drivers/STM32H5xx_HAL_Driver/Src/stm32h5xx_hal.o
                0x0000000020000004                uwTickPrio
 .data.uwTickFreq
                0x0000000020000008        0x1 ./Drivers/STM32H5xx_HAL_Driver/Src/stm32h5xx_hal.o
                0x0000000020000008                uwTickFreq
 *fill*         0x0000000020000009        0x3 
 .data._impure_ptr
                0x000000002000000c        0x4 /Applications/STM32CubeIDE.app/Contents/Eclipse/plugins/com.st.stm32cube.ide.mcu.externaltools.gnu-tools-for-stm32.10.3-2021.10.macos64_1.0.200.202301161003/tools/bin/../lib/gcc/arm-none-eabi/10.3.1/../../../../arm-none-eabi/lib/thumb/v8-m.main+fp/hard/libc_nano.a(lib_a-impure.o)
                0x000000002000000c                _impure_ptr
 .data.impure_data
                0x0000000020000010       0x60 /Applications/STM32CubeIDE.app/Contents/Eclipse/plugins/com.st.stm32cube.ide.mcu.externaltools.gnu-tools-for-stm32.10.3-2021.10.macos64_1.0.200.202301161003/tools/bin/../lib/gcc/arm-none-eabi/10.3.1/../../../../arm-none-eabi/lib/thumb/v8-m.main+fp/hard/libc_nano.a(lib_a-impure.o)
 *(.RamFunc)
 *(.RamFunc*)
                0x0000000020000070                . = ALIGN (0x4)
                0x0000000020000070                _edata = .

.igot.plt       0x0000000020000070        0x0 load address 0x0000000008007d44
 .igot.plt      0x0000000020000070        0x0 /Applications/STM32CubeIDE.app/Contents/Eclipse/plugins/com.st.stm32cube.ide.mcu.externaltools.gnu-tools-for-stm32.10.3-2021.10.macos64_1.0.200.202301161003/tools/bin/../lib/gcc/arm-none-eabi/10.3.1/thumb/v8-m.main+fp/hard/crtbegin.o
                0x0000000020000070                . = ALIGN (0x4)

.bss            0x0000000020000070      0x554 load address 0x0000000008007d44
                0x0000000020000070                _sbss = .
                0x0000000020000070                __bss_start__ = _sbss
 *(.bss)
 .bss           0x0000000020000070       0x1c /Applications/STM32CubeIDE.app/Contents/Eclipse/plugins/com.st.stm32cube.ide.mcu.externaltools.gnu-tools-for-stm32.10.3-2021.10.macos64_1.0.200.202301161003/tools/bin/../lib/gcc/arm-none-eabi/10.3.1/thumb/v8-m.main+fp/hard/crtbegin.o
 *(.bss*)
 .bss.hfdcan1   0x000000002000008c       0x64 ./Core/Src/main.o
                0x000000002000008c                hfdcan1
 .bss.hi2c1     0x00000000200000f0       0x54 ./Core/Src/main.o
                0x00000000200000f0                hi2c1
 .bss.huart3    0x0000000020000144       0x94 ./Core/Src/main.o
                0x0000000020000144                huart3
 .bss.hpcd_USB_DRD_FS
                0x00000000200001d8      0x308 ./Core/Src/main.o
                0x00000000200001d8                hpcd_USB_DRD_FS
 .bss.RxHeader  0x00000000200004e0       0x28 ./Core/Src/main.o
                0x00000000200004e0                RxHeader
 .bss.RxData    0x0000000020000508       0x40 ./Core/Src/main.o
                0x0000000020000508                RxData
 .bss.TxHeader  0x0000000020000548       0x24 ./Core/Src/main.o
                0x0000000020000548                TxHeader
 .bss.TxData    0x000000002000056c       0x40 ./Core/Src/main.o
                0x000000002000056c                TxData
 .bss.__sbrk_heap_end
                0x00000000200005ac        0x4 ./Core/Src/sysmem.o
 .bss.uwTick    0x00000000200005b0        0x4 ./Drivers/STM32H5xx_HAL_Driver/Src/stm32h5xx_hal.o
                0x00000000200005b0                uwTick
 .bss.__lock___malloc_recursive_mutex
                0x00000000200005b4        0x1 /Applications/STM32CubeIDE.app/Contents/Eclipse/plugins/com.st.stm32cube.ide.mcu.externaltools.gnu-tools-for-stm32.10.3-2021.10.macos64_1.0.200.202301161003/tools/bin/../lib/gcc/arm-none-eabi/10.3.1/../../../../arm-none-eabi/lib/thumb/v8-m.main+fp/hard/libc_nano.a(lib_a-lock.o)
                0x00000000200005b4                __lock___malloc_recursive_mutex
 .bss.__lock___sfp_recursive_mutex
                0x00000000200005b5        0x1 /Applications/STM32CubeIDE.app/Contents/Eclipse/plugins/com.st.stm32cube.ide.mcu.externaltools.gnu-tools-for-stm32.10.3-2021.10.macos64_1.0.200.202301161003/tools/bin/../lib/gcc/arm-none-eabi/10.3.1/../../../../arm-none-eabi/lib/thumb/v8-m.main+fp/hard/libc_nano.a(lib_a-lock.o)
                0x00000000200005b5                __lock___sfp_recursive_mutex
 .bss.__lock___sinit_recursive_mutex
                0x00000000200005b6        0x1 /Applications/STM32CubeIDE.app/Contents/Eclipse/plugins/com.st.stm32cube.ide.mcu.externaltools.gnu-tools-for-stm32.10.3-2021.10.macos64_1.0.200.202301161003/tools/bin/../lib/gcc/arm-none-eabi/10.3.1/../../../../arm-none-eabi/lib/thumb/v8-m.main+fp/hard/libc_nano.a(lib_a-lock.o)
                0x00000000200005b6                __lock___sinit_recursive_mutex
 *fill*         0x00000000200005b7        0x1 
 .bss.__malloc_free_list
                0x00000000200005b8        0x4 /Applications/STM32CubeIDE.app/Contents/Eclipse/plugins/com.st.stm32cube.ide.mcu.externaltools.gnu-tools-for-stm32.10.3-2021.10.macos64_1.0.200.202301161003/tools/bin/../lib/gcc/arm-none-eabi/10.3.1/../../../../arm-none-eabi/lib/thumb/v8-m.main+fp/hard/libc_nano.a(lib_a-nano-mallocr.o)
                0x00000000200005b8                __malloc_free_list
 .bss.__malloc_sbrk_start
                0x00000000200005bc        0x4 /Applications/STM32CubeIDE.app/Contents/Eclipse/plugins/com.st.stm32cube.ide.mcu.externaltools.gnu-tools-for-stm32.10.3-2021.10.macos64_1.0.200.202301161003/tools/bin/../lib/gcc/arm-none-eabi/10.3.1/../../../../arm-none-eabi/lib/thumb/v8-m.main+fp/hard/libc_nano.a(lib_a-nano-mallocr.o)
                0x00000000200005bc                __malloc_sbrk_start
 .bss.errno     0x00000000200005c0        0x4 /Applications/STM32CubeIDE.app/Contents/Eclipse/plugins/com.st.stm32cube.ide.mcu.externaltools.gnu-tools-for-stm32.10.3-2021.10.macos64_1.0.200.202301161003/tools/bin/../lib/gcc/arm-none-eabi/10.3.1/../../../../arm-none-eabi/lib/thumb/v8-m.main+fp/hard/libc_nano.a(lib_a-reent.o)
                0x00000000200005c0                errno
 *(COMMON)
                0x00000000200005c4                . = ALIGN (0x4)
                0x00000000200005c4                _ebss = .
                0x00000000200005c4                __bss_end__ = _ebss

._user_heap_stack
                0x00000000200005c4      0x604 load address 0x0000000008007d44
                0x00000000200005c8                . = ALIGN (0x8)
 *fill*         0x00000000200005c4        0x4 
                [!provide]                        PROVIDE (end = .)
                0x00000000200005c8                PROVIDE (_end = .)
                0x00000000200007c8                . = (. + _Min_Heap_Size)
 *fill*         0x00000000200005c8      0x200 
                0x0000000020000bc8                . = (. + _Min_Stack_Size)
 *fill*         0x00000000200007c8      0x400 
                0x0000000020000bc8                . = ALIGN (0x8)

/DISCARD/
 libc.a(*)
 libm.a(*)
 libgcc.a(*)

.ARM.attributes
                0x0000000000000000       0x36
 *(.ARM.attributes)
 .ARM.attributes
                0x0000000000000000       0x22 /Applications/STM32CubeIDE.app/Contents/Eclipse/plugins/com.st.stm32cube.ide.mcu.externaltools.gnu-tools-for-stm32.10.3-2021.10.macos64_1.0.200.202301161003/tools/bin/../lib/gcc/arm-none-eabi/10.3.1/thumb/v8-m.main+fp/hard/crti.o
 .ARM.attributes
                0x0000000000000022       0x38 /Applications/STM32CubeIDE.app/Contents/Eclipse/plugins/com.st.stm32cube.ide.mcu.externaltools.gnu-tools-for-stm32.10.3-2021.10.macos64_1.0.200.202301161003/tools/bin/../lib/gcc/arm-none-eabi/10.3.1/thumb/v8-m.main+fp/hard/crtbegin.o
 .ARM.attributes
                0x000000000000005a       0x3a ./Core/Src/main.o
 .ARM.attributes
                0x0000000000000094       0x3a ./Core/Src/skp_can.o
 .ARM.attributes
                0x00000000000000ce       0x3a ./Core/Src/stm32h5xx_hal_msp.o
 .ARM.attributes
                0x0000000000000108       0x3a ./Core/Src/stm32h5xx_it.o
 .ARM.attributes
                0x0000000000000142       0x3a ./Core/Src/syscalls.o
 .ARM.attributes
                0x000000000000017c       0x3a ./Core/Src/sysmem.o
 .ARM.attributes
                0x00000000000001b6       0x3a ./Core/Src/system_stm32h5xx.o
 .ARM.attributes
                0x00000000000001f0       0x24 ./Core/Startup/startup_stm32h503rbtx.o
 .ARM.attributes
                0x0000000000000214       0x3a ./Drivers/STM32H5xx_HAL_Driver/Src/stm32h5xx_hal.o
 .ARM.attributes
                0x000000000000024e       0x3a ./Drivers/STM32H5xx_HAL_Driver/Src/stm32h5xx_hal_cortex.o
 .ARM.attributes
                0x0000000000000288       0x3a ./Drivers/STM32H5xx_HAL_Driver/Src/stm32h5xx_hal_fdcan.o
 .ARM.attributes
                0x00000000000002c2       0x3a ./Drivers/STM32H5xx_HAL_Driver/Src/stm32h5xx_hal_gpio.o
 .ARM.attributes
                0x00000000000002fc       0x3a ./Drivers/STM32H5xx_HAL_Driver/Src/stm32h5xx_hal_i2c.o
 .ARM.attributes
                0x0000000000000336       0x3a ./Drivers/STM32H5xx_HAL_Driver/Src/stm32h5xx_hal_i2c_ex.o
 .ARM.attributes
                0x0000000000000370       0x3a ./Drivers/STM32H5xx_HAL_Driver/Src/stm32h5xx_hal_icache.o
 .ARM.attributes
                0x00000000000003aa       0x3a ./Drivers/STM32H5xx_HAL_Driver/Src/stm32h5xx_hal_pcd.o
 .ARM.attributes
                0x00000000000003e4       0x3a ./Drivers/STM32H5xx_HAL_Driver/Src/stm32h5xx_hal_pcd_ex.o
 .ARM.attributes
                0x000000000000041e       0x3a ./Drivers/STM32H5xx_HAL_Driver/Src/stm32h5xx_hal_rcc.o
 .ARM.attributes
                0x0000000000000458       0x3a ./Drivers/STM32H5xx_HAL_Driver/Src/stm32h5xx_hal_rcc_ex.o
 .ARM.attributes
                0x0000000000000492       0x3a ./Drivers/STM32H5xx_HAL_Driver/Src/stm32h5xx_hal_uart.o
 .ARM.attributes
                0x00000000000004cc       0x3a ./Drivers/STM32H5xx_HAL_Driver/Src/stm32h5xx_hal_uart_ex.o
 .ARM.attributes
                0x0000000000000506       0x3a ./Drivers/STM32H5xx_HAL_Driver/Src/stm32h5xx_ll_usb.o
 .ARM.attributes
                0x0000000000000540       0x38 /Applications/STM32CubeIDE.app/Contents/Eclipse/plugins/com.st.stm32cube.ide.mcu.externaltools.gnu-tools-for-stm32.10.3-2021.10.macos64_1.0.200.202301161003/tools/bin/../lib/gcc/arm-none-eabi/10.3.1/../../../../arm-none-eabi/lib/thumb/v8-m.main+fp/hard/libc_nano.a(lib_a-errno.o)
 .ARM.attributes
                0x0000000000000578       0x38 /Applications/STM32CubeIDE.app/Contents/Eclipse/plugins/com.st.stm32cube.ide.mcu.externaltools.gnu-tools-for-stm32.10.3-2021.10.macos64_1.0.200.202301161003/tools/bin/../lib/gcc/arm-none-eabi/10.3.1/../../../../arm-none-eabi/lib/thumb/v8-m.main+fp/hard/libc_nano.a(lib_a-impure.o)
 .ARM.attributes
                0x00000000000005b0       0x38 /Applications/STM32CubeIDE.app/Contents/Eclipse/plugins/com.st.stm32cube.ide.mcu.externaltools.gnu-tools-for-stm32.10.3-2021.10.macos64_1.0.200.202301161003/tools/bin/../lib/gcc/arm-none-eabi/10.3.1/../../../../arm-none-eabi/lib/thumb/v8-m.main+fp/hard/libc_nano.a(lib_a-init.o)
 .ARM.attributes
                0x00000000000005e8       0x38 /Applications/STM32CubeIDE.app/Contents/Eclipse/plugins/com.st.stm32cube.ide.mcu.externaltools.gnu-tools-for-stm32.10.3-2021.10.macos64_1.0.200.202301161003/tools/bin/../lib/gcc/arm-none-eabi/10.3.1/../../../../arm-none-eabi/lib/thumb/v8-m.main+fp/hard/libc_nano.a(lib_a-memset.o)
 .ARM.attributes
                0x0000000000000620       0x38 /Applications/STM32CubeIDE.app/Contents/Eclipse/plugins/com.st.stm32cube.ide.mcu.externaltools.gnu-tools-for-stm32.10.3-2021.10.macos64_1.0.200.202301161003/tools/bin/../lib/gcc/arm-none-eabi/10.3.1/../../../../arm-none-eabi/lib/thumb/v8-m.main+fp/hard/libc_nano.a(lib_a-printf.o)
 .ARM.attributes
                0x0000000000000658       0x38 /Applications/STM32CubeIDE.app/Contents/Eclipse/plugins/com.st.stm32cube.ide.mcu.externaltools.gnu-tools-for-stm32.10.3-2021.10.macos64_1.0.200.202301161003/tools/bin/../lib/gcc/arm-none-eabi/10.3.1/../../../../arm-none-eabi/lib/thumb/v8-m.main+fp/hard/libc_nano.a(lib_a-puts.o)
 .ARM.attributes
                0x0000000000000690       0x38 /Applications/STM32CubeIDE.app/Contents/Eclipse/plugins/com.st.stm32cube.ide.mcu.externaltools.gnu-tools-for-stm32.10.3-2021.10.macos64_1.0.200.202301161003/tools/bin/../lib/gcc/arm-none-eabi/10.3.1/../../../../arm-none-eabi/lib/thumb/v8-m.main+fp/hard/libc_nano.a(lib_a-wbuf.o)
 .ARM.attributes
                0x00000000000006c8       0x38 /Applications/STM32CubeIDE.app/Contents/Eclipse/plugins/com.st.stm32cube.ide.mcu.externaltools.gnu-tools-for-stm32.10.3-2021.10.macos64_1.0.200.202301161003/tools/bin/../lib/gcc/arm-none-eabi/10.3.1/../../../../arm-none-eabi/lib/thumb/v8-m.main+fp/hard/libc_nano.a(lib_a-wsetup.o)
 .ARM.attributes
                0x0000000000000700       0x38 /Applications/STM32CubeIDE.app/Contents/Eclipse/plugins/com.st.stm32cube.ide.mcu.externaltools.gnu-tools-for-stm32.10.3-2021.10.macos64_1.0.200.202301161003/tools/bin/../lib/gcc/arm-none-eabi/10.3.1/../../../../arm-none-eabi/lib/thumb/v8-m.main+fp/hard/libc_nano.a(lib_a-fflush.o)
 .ARM.attributes
                0x0000000000000738       0x38 /Applications/STM32CubeIDE.app/Contents/Eclipse/plugins/com.st.stm32cube.ide.mcu.externaltools.gnu-tools-for-stm32.10.3-2021.10.macos64_1.0.200.202301161003/tools/bin/../lib/gcc/arm-none-eabi/10.3.1/../../../../arm-none-eabi/lib/thumb/v8-m.main+fp/hard/libc_nano.a(lib_a-findfp.o)
 .ARM.attributes
                0x0000000000000770       0x38 /Applications/STM32CubeIDE.app/Contents/Eclipse/plugins/com.st.stm32cube.ide.mcu.externaltools.gnu-tools-for-stm32.10.3-2021.10.macos64_1.0.200.202301161003/tools/bin/../lib/gcc/arm-none-eabi/10.3.1/../../../../arm-none-eabi/lib/thumb/v8-m.main+fp/hard/libc_nano.a(lib_a-fwalk.o)
 .ARM.attributes
                0x00000000000007a8       0x38 /Applications/STM32CubeIDE.app/Contents/Eclipse/plugins/com.st.stm32cube.ide.mcu.externaltools.gnu-tools-for-stm32.10.3-2021.10.macos64_1.0.200.202301161003/tools/bin/../lib/gcc/arm-none-eabi/10.3.1/../../../../arm-none-eabi/lib/thumb/v8-m.main+fp/hard/libc_nano.a(lib_a-lock.o)
 .ARM.attributes
                0x00000000000007e0       0x38 /Applications/STM32CubeIDE.app/Contents/Eclipse/plugins/com.st.stm32cube.ide.mcu.externaltools.gnu-tools-for-stm32.10.3-2021.10.macos64_1.0.200.202301161003/tools/bin/../lib/gcc/arm-none-eabi/10.3.1/../../../../arm-none-eabi/lib/thumb/v8-m.main+fp/hard/libc_nano.a(lib_a-makebuf.o)
 .ARM.attributes
                0x0000000000000818       0x38 /Applications/STM32CubeIDE.app/Contents/Eclipse/plugins/com.st.stm32cube.ide.mcu.externaltools.gnu-tools-for-stm32.10.3-2021.10.macos64_1.0.200.202301161003/tools/bin/../lib/gcc/arm-none-eabi/10.3.1/../../../../arm-none-eabi/lib/thumb/v8-m.main+fp/hard/libc_nano.a(lib_a-nano-freer.o)
 .ARM.attributes
                0x0000000000000850       0x38 /Applications/STM32CubeIDE.app/Contents/Eclipse/plugins/com.st.stm32cube.ide.mcu.externaltools.gnu-tools-for-stm32.10.3-2021.10.macos64_1.0.200.202301161003/tools/bin/../lib/gcc/arm-none-eabi/10.3.1/../../../../arm-none-eabi/lib/thumb/v8-m.main+fp/hard/libc_nano.a(lib_a-nano-mallocr.o)
 .ARM.attributes
                0x0000000000000888       0x38 /Applications/STM32CubeIDE.app/Contents/Eclipse/plugins/com.st.stm32cube.ide.mcu.externaltools.gnu-tools-for-stm32.10.3-2021.10.macos64_1.0.200.202301161003/tools/bin/../lib/gcc/arm-none-eabi/10.3.1/../../../../arm-none-eabi/lib/thumb/v8-m.main+fp/hard/libc_nano.a(lib_a-nano-vfprintf.o)
 .ARM.attributes
                0x00000000000008c0       0x38 /Applications/STM32CubeIDE.app/Contents/Eclipse/plugins/com.st.stm32cube.ide.mcu.externaltools.gnu-tools-for-stm32.10.3-2021.10.macos64_1.0.200.202301161003/tools/bin/../lib/gcc/arm-none-eabi/10.3.1/../../../../arm-none-eabi/lib/thumb/v8-m.main+fp/hard/libc_nano.a(lib_a-nano-vfprintf_i.o)
 .ARM.attributes
                0x00000000000008f8       0x38 /Applications/STM32CubeIDE.app/Contents/Eclipse/plugins/com.st.stm32cube.ide.mcu.externaltools.gnu-tools-for-stm32.10.3-2021.10.macos64_1.0.200.202301161003/tools/bin/../lib/gcc/arm-none-eabi/10.3.1/../../../../arm-none-eabi/lib/thumb/v8-m.main+fp/hard/libc_nano.a(lib_a-sbrkr.o)
 .ARM.attributes
                0x0000000000000930       0x38 /Applications/STM32CubeIDE.app/Contents/Eclipse/plugins/com.st.stm32cube.ide.mcu.externaltools.gnu-tools-for-stm32.10.3-2021.10.macos64_1.0.200.202301161003/tools/bin/../lib/gcc/arm-none-eabi/10.3.1/../../../../arm-none-eabi/lib/thumb/v8-m.main+fp/hard/libc_nano.a(lib_a-stdio.o)
 .ARM.attributes
                0x0000000000000968       0x38 /Applications/STM32CubeIDE.app/Contents/Eclipse/plugins/com.st.stm32cube.ide.mcu.externaltools.gnu-tools-for-stm32.10.3-2021.10.macos64_1.0.200.202301161003/tools/bin/../lib/gcc/arm-none-eabi/10.3.1/../../../../arm-none-eabi/lib/thumb/v8-m.main+fp/hard/libc_nano.a(lib_a-writer.o)
 .ARM.attributes
                0x00000000000009a0       0x38 /Applications/STM32CubeIDE.app/Contents/Eclipse/plugins/com.st.stm32cube.ide.mcu.externaltools.gnu-tools-for-stm32.10.3-2021.10.macos64_1.0.200.202301161003/tools/bin/../lib/gcc/arm-none-eabi/10.3.1/../../../../arm-none-eabi/lib/thumb/v8-m.main+fp/hard/libc_nano.a(lib_a-closer.o)
 .ARM.attributes
                0x00000000000009d8       0x38 /Applications/STM32CubeIDE.app/Contents/Eclipse/plugins/com.st.stm32cube.ide.mcu.externaltools.gnu-tools-for-stm32.10.3-2021.10.macos64_1.0.200.202301161003/tools/bin/../lib/gcc/arm-none-eabi/10.3.1/../../../../arm-none-eabi/lib/thumb/v8-m.main+fp/hard/libc_nano.a(lib_a-fstatr.o)
 .ARM.attributes
                0x0000000000000a10       0x38 /Applications/STM32CubeIDE.app/Contents/Eclipse/plugins/com.st.stm32cube.ide.mcu.externaltools.gnu-tools-for-stm32.10.3-2021.10.macos64_1.0.200.202301161003/tools/bin/../lib/gcc/arm-none-eabi/10.3.1/../../../../arm-none-eabi/lib/thumb/v8-m.main+fp/hard/libc_nano.a(lib_a-isattyr.o)
 .ARM.attributes
                0x0000000000000a48       0x38 /Applications/STM32CubeIDE.app/Contents/Eclipse/plugins/com.st.stm32cube.ide.mcu.externaltools.gnu-tools-for-stm32.10.3-2021.10.macos64_1.0.200.202301161003/tools/bin/../lib/gcc/arm-none-eabi/10.3.1/../../../../arm-none-eabi/lib/thumb/v8-m.main+fp/hard/libc_nano.a(lib_a-lseekr.o)
 .ARM.attributes
                0x0000000000000a80       0x38 /Applications/STM32CubeIDE.app/Contents/Eclipse/plugins/com.st.stm32cube.ide.mcu.externaltools.gnu-tools-for-stm32.10.3-2021.10.macos64_1.0.200.202301161003/tools/bin/../lib/gcc/arm-none-eabi/10.3.1/../../../../arm-none-eabi/lib/thumb/v8-m.main+fp/hard/libc_nano.a(lib_a-memchr-stub.o)
 .ARM.attributes
                0x0000000000000ab8       0x38 /Applications/STM32CubeIDE.app/Contents/Eclipse/plugins/com.st.stm32cube.ide.mcu.externaltools.gnu-tools-for-stm32.10.3-2021.10.macos64_1.0.200.202301161003/tools/bin/../lib/gcc/arm-none-eabi/10.3.1/../../../../arm-none-eabi/lib/thumb/v8-m.main+fp/hard/libc_nano.a(lib_a-mlock.o)
 .ARM.attributes
                0x0000000000000af0       0x38 /Applications/STM32CubeIDE.app/Contents/Eclipse/plugins/com.st.stm32cube.ide.mcu.externaltools.gnu-tools-for-stm32.10.3-2021.10.macos64_1.0.200.202301161003/tools/bin/../lib/gcc/arm-none-eabi/10.3.1/../../../../arm-none-eabi/lib/thumb/v8-m.main+fp/hard/libc_nano.a(lib_a-readr.o)
 .ARM.attributes
                0x0000000000000b28       0x38 /Applications/STM32CubeIDE.app/Contents/Eclipse/plugins/com.st.stm32cube.ide.mcu.externaltools.gnu-tools-for-stm32.10.3-2021.10.macos64_1.0.200.202301161003/tools/bin/../lib/gcc/arm-none-eabi/10.3.1/../../../../arm-none-eabi/lib/thumb/v8-m.main+fp/hard/libc_nano.a(lib_a-reent.o)
 .ARM.attributes
                0x0000000000000b60       0x22 /Applications/STM32CubeIDE.app/Contents/Eclipse/plugins/com.st.stm32cube.ide.mcu.externaltools.gnu-tools-for-stm32.10.3-2021.10.macos64_1.0.200.202301161003/tools/bin/../lib/gcc/arm-none-eabi/10.3.1/thumb/v8-m.main+fp/hard/libgcc.a(_aeabi_uldivmod.o)
 .ARM.attributes
                0x0000000000000b82       0x38 /Applications/STM32CubeIDE.app/Contents/Eclipse/plugins/com.st.stm32cube.ide.mcu.externaltools.gnu-tools-for-stm32.10.3-2021.10.macos64_1.0.200.202301161003/tools/bin/../lib/gcc/arm-none-eabi/10.3.1/thumb/v8-m.main+fp/hard/libgcc.a(_udivmoddi4.o)
 .ARM.attributes
                0x0000000000000bba       0x22 /Applications/STM32CubeIDE.app/Contents/Eclipse/plugins/com.st.stm32cube.ide.mcu.externaltools.gnu-tools-for-stm32.10.3-2021.10.macos64_1.0.200.202301161003/tools/bin/../lib/gcc/arm-none-eabi/10.3.1/thumb/v8-m.main+fp/hard/libgcc.a(_dvmd_tls.o)
 .ARM.attributes
                0x0000000000000bdc       0x22 /Applications/STM32CubeIDE.app/Contents/Eclipse/plugins/com.st.stm32cube.ide.mcu.externaltools.gnu-tools-for-stm32.10.3-2021.10.macos64_1.0.200.202301161003/tools/bin/../lib/gcc/arm-none-eabi/10.3.1/thumb/v8-m.main+fp/hard/crtn.o
OUTPUT(nucleo-h503rb_test.elf elf32-littlearm)
LOAD linker stubs
LOAD /Applications/STM32CubeIDE.app/Contents/Eclipse/plugins/com.st.stm32cube.ide.mcu.externaltools.gnu-tools-for-stm32.10.3-2021.10.macos64_1.0.200.202301161003/tools/bin/../lib/gcc/arm-none-eabi/10.3.1/../../../../arm-none-eabi/lib/thumb/v8-m.main+fp/hard/libc.a
LOAD /Applications/STM32CubeIDE.app/Contents/Eclipse/plugins/com.st.stm32cube.ide.mcu.externaltools.gnu-tools-for-stm32.10.3-2021.10.macos64_1.0.200.202301161003/tools/bin/../lib/gcc/arm-none-eabi/10.3.1/../../../../arm-none-eabi/lib/thumb/v8-m.main+fp/hard/libm.a
LOAD /Applications/STM32CubeIDE.app/Contents/Eclipse/plugins/com.st.stm32cube.ide.mcu.externaltools.gnu-tools-for-stm32.10.3-2021.10.macos64_1.0.200.202301161003/tools/bin/../lib/gcc/arm-none-eabi/10.3.1/thumb/v8-m.main+fp/hard/libgcc.a

.debug_info     0x0000000000000000    0x18d72
 .debug_info    0x0000000000000000     0x22b4 ./Core/Src/main.o
 .debug_info    0x00000000000022b4      0x98e ./Core/Src/skp_can.o
 .debug_info    0x0000000000002c42     0x2141 ./Core/Src/stm32h5xx_hal_msp.o
 .debug_info    0x0000000000004d83      0x684 ./Core/Src/stm32h5xx_it.o
 .debug_info    0x0000000000005407      0x6e0 ./Core/Src/syscalls.o
 .debug_info    0x0000000000005ae7      0x171 ./Core/Src/sysmem.o
 .debug_info    0x0000000000005c58      0xbd4 ./Core/Src/system_stm32h5xx.o
 .debug_info    0x000000000000682c       0x22 ./Core/Startup/startup_stm32h503rbtx.o
 .debug_info    0x000000000000684e     0x104f ./Drivers/STM32H5xx_HAL_Driver/Src/stm32h5xx_hal.o
 .debug_info    0x000000000000789d     0x14a7 ./Drivers/STM32H5xx_HAL_Driver/Src/stm32h5xx_hal_cortex.o
 .debug_info    0x0000000000008d44     0x1a7b ./Drivers/STM32H5xx_HAL_Driver/Src/stm32h5xx_hal_fdcan.o
 .debug_info    0x000000000000a7bf      0x734 ./Drivers/STM32H5xx_HAL_Driver/Src/stm32h5xx_hal_gpio.o
 .debug_info    0x000000000000aef3     0x2501 ./Drivers/STM32H5xx_HAL_Driver/Src/stm32h5xx_hal_i2c.o
 .debug_info    0x000000000000d3f4      0x964 ./Drivers/STM32H5xx_HAL_Driver/Src/stm32h5xx_hal_i2c_ex.o
 .debug_info    0x000000000000dd58      0x3bc ./Drivers/STM32H5xx_HAL_Driver/Src/stm32h5xx_hal_icache.o
 .debug_info    0x000000000000e114     0x1508 ./Drivers/STM32H5xx_HAL_Driver/Src/stm32h5xx_hal_pcd.o
 .debug_info    0x000000000000f61c      0x827 ./Drivers/STM32H5xx_HAL_Driver/Src/stm32h5xx_hal_pcd_ex.o
 .debug_info    0x000000000000fe43     0x10e7 ./Drivers/STM32H5xx_HAL_Driver/Src/stm32h5xx_hal_rcc.o
 .debug_info    0x0000000000010f2a      0xfeb ./Drivers/STM32H5xx_HAL_Driver/Src/stm32h5xx_hal_rcc_ex.o
 .debug_info    0x0000000000011f15     0x42a0 ./Drivers/STM32H5xx_HAL_Driver/Src/stm32h5xx_hal_uart.o
 .debug_info    0x00000000000161b5     0x119f ./Drivers/STM32H5xx_HAL_Driver/Src/stm32h5xx_hal_uart_ex.o
 .debug_info    0x0000000000017354     0x1a1e ./Drivers/STM32H5xx_HAL_Driver/Src/stm32h5xx_ll_usb.o

.debug_abbrev   0x0000000000000000     0x2de0
 .debug_abbrev  0x0000000000000000      0x348 ./Core/Src/main.o
 .debug_abbrev  0x0000000000000348      0x1c4 ./Core/Src/skp_can.o
 .debug_abbrev  0x000000000000050c      0x257 ./Core/Src/stm32h5xx_hal_msp.o
 .debug_abbrev  0x0000000000000763      0x150 ./Core/Src/stm32h5xx_it.o
 .debug_abbrev  0x00000000000008b3      0x1b3 ./Core/Src/syscalls.o
 .debug_abbrev  0x0000000000000a66       0xbb ./Core/Src/sysmem.o
 .debug_abbrev  0x0000000000000b21      0x138 ./Core/Src/system_stm32h5xx.o
 .debug_abbrev  0x0000000000000c59       0x12 ./Core/Startup/startup_stm32h503rbtx.o
 .debug_abbrev  0x0000000000000c6b      0x28e ./Drivers/STM32H5xx_HAL_Driver/Src/stm32h5xx_hal.o
 .debug_abbrev  0x0000000000000ef9      0x303 ./Drivers/STM32H5xx_HAL_Driver/Src/stm32h5xx_hal_cortex.o
 .debug_abbrev  0x00000000000011fc      0x1fc ./Drivers/STM32H5xx_HAL_Driver/Src/stm32h5xx_hal_fdcan.o
 .debug_abbrev  0x00000000000013f8      0x1ca ./Drivers/STM32H5xx_HAL_Driver/Src/stm32h5xx_hal_gpio.o
 .debug_abbrev  0x00000000000015c2      0x26d ./Drivers/STM32H5xx_HAL_Driver/Src/stm32h5xx_hal_i2c.o
 .debug_abbrev  0x000000000000182f      0x1a9 ./Drivers/STM32H5xx_HAL_Driver/Src/stm32h5xx_hal_i2c_ex.o
 .debug_abbrev  0x00000000000019d8      0x1dc ./Drivers/STM32H5xx_HAL_Driver/Src/stm32h5xx_hal_icache.o
 .debug_abbrev  0x0000000000001bb4      0x2f1 ./Drivers/STM32H5xx_HAL_Driver/Src/stm32h5xx_hal_pcd.o
 .debug_abbrev  0x0000000000001ea5      0x21d ./Drivers/STM32H5xx_HAL_Driver/Src/stm32h5xx_hal_pcd_ex.o
 .debug_abbrev  0x00000000000020c2      0x283 ./Drivers/STM32H5xx_HAL_Driver/Src/stm32h5xx_hal_rcc.o
 .debug_abbrev  0x0000000000002345      0x24b ./Drivers/STM32H5xx_HAL_Driver/Src/stm32h5xx_hal_rcc_ex.o
 .debug_abbrev  0x0000000000002590      0x2f0 ./Drivers/STM32H5xx_HAL_Driver/Src/stm32h5xx_hal_uart.o
 .debug_abbrev  0x0000000000002880      0x2bd ./Drivers/STM32H5xx_HAL_Driver/Src/stm32h5xx_hal_uart_ex.o
 .debug_abbrev  0x0000000000002b3d      0x2a3 ./Drivers/STM32H5xx_HAL_Driver/Src/stm32h5xx_ll_usb.o

.debug_aranges  0x0000000000000000     0x1260
 .debug_aranges
                0x0000000000000000       0x68 ./Core/Src/main.o
 .debug_aranges
                0x0000000000000068       0x30 ./Core/Src/skp_can.o
 .debug_aranges
                0x0000000000000098       0x60 ./Core/Src/stm32h5xx_hal_msp.o
 .debug_aranges
                0x00000000000000f8       0x70 ./Core/Src/stm32h5xx_it.o
 .debug_aranges
                0x0000000000000168       0xa8 ./Core/Src/syscalls.o
 .debug_aranges
                0x0000000000000210       0x20 ./Core/Src/sysmem.o
 .debug_aranges
                0x0000000000000230       0x28 ./Core/Src/system_stm32h5xx.o
 .debug_aranges
                0x0000000000000258       0x28 ./Core/Startup/startup_stm32h503rbtx.o
 .debug_aranges
                0x0000000000000280      0x178 ./Drivers/STM32H5xx_HAL_Driver/Src/stm32h5xx_hal.o
 .debug_aranges
                0x00000000000003f8      0x130 ./Drivers/STM32H5xx_HAL_Driver/Src/stm32h5xx_hal_cortex.o
 .debug_aranges
                0x0000000000000528      0x208 ./Drivers/STM32H5xx_HAL_Driver/Src/stm32h5xx_hal_fdcan.o
 .debug_aranges
                0x0000000000000730       0x78 ./Drivers/STM32H5xx_HAL_Driver/Src/stm32h5xx_hal_gpio.o
 .debug_aranges
                0x00000000000007a8      0x2a0 ./Drivers/STM32H5xx_HAL_Driver/Src/stm32h5xx_hal_i2c.o
 .debug_aranges
                0x0000000000000a48       0x40 ./Drivers/STM32H5xx_HAL_Driver/Src/stm32h5xx_hal_i2c_ex.o
 .debug_aranges
                0x0000000000000a88       0x98 ./Drivers/STM32H5xx_HAL_Driver/Src/stm32h5xx_hal_icache.o
 .debug_aranges
                0x0000000000000b20      0x150 ./Drivers/STM32H5xx_HAL_Driver/Src/stm32h5xx_hal_pcd.o
 .debug_aranges
                0x0000000000000c70       0x58 ./Drivers/STM32H5xx_HAL_Driver/Src/stm32h5xx_hal_pcd_ex.o
 .debug_aranges
                0x0000000000000cc8       0xa0 ./Drivers/STM32H5xx_HAL_Driver/Src/stm32h5xx_hal_rcc.o
 .debug_aranges
                0x0000000000000d68       0xe8 ./Drivers/STM32H5xx_HAL_Driver/Src/stm32h5xx_hal_rcc_ex.o
 .debug_aranges
                0x0000000000000e50      0x248 ./Drivers/STM32H5xx_HAL_Driver/Src/stm32h5xx_hal_uart.o
 .debug_aranges
                0x0000000000001098       0xa8 ./Drivers/STM32H5xx_HAL_Driver/Src/stm32h5xx_hal_uart_ex.o
 .debug_aranges
                0x0000000000001140      0x120 ./Drivers/STM32H5xx_HAL_Driver/Src/stm32h5xx_ll_usb.o

.debug_ranges   0x0000000000000000     0x1138
 .debug_ranges  0x0000000000000000       0x58 ./Core/Src/main.o
 .debug_ranges  0x0000000000000058       0x20 ./Core/Src/skp_can.o
 .debug_ranges  0x0000000000000078       0x50 ./Core/Src/stm32h5xx_hal_msp.o
 .debug_ranges  0x00000000000000c8       0x60 ./Core/Src/stm32h5xx_it.o
 .debug_ranges  0x0000000000000128       0x98 ./Core/Src/syscalls.o
 .debug_ranges  0x00000000000001c0       0x10 ./Core/Src/sysmem.o
 .debug_ranges  0x00000000000001d0       0x18 ./Core/Src/system_stm32h5xx.o
 .debug_ranges  0x00000000000001e8       0x20 ./Core/Startup/startup_stm32h503rbtx.o
 .debug_ranges  0x0000000000000208      0x168 ./Drivers/STM32H5xx_HAL_Driver/Src/stm32h5xx_hal.o
 .debug_ranges  0x0000000000000370      0x120 ./Drivers/STM32H5xx_HAL_Driver/Src/stm32h5xx_hal_cortex.o
 .debug_ranges  0x0000000000000490      0x1f8 ./Drivers/STM32H5xx_HAL_Driver/Src/stm32h5xx_hal_fdcan.o
 .debug_ranges  0x0000000000000688       0x68 ./Drivers/STM32H5xx_HAL_Driver/Src/stm32h5xx_hal_gpio.o
 .debug_ranges  0x00000000000006f0      0x290 ./Drivers/STM32H5xx_HAL_Driver/Src/stm32h5xx_hal_i2c.o
 .debug_ranges  0x0000000000000980       0x30 ./Drivers/STM32H5xx_HAL_Driver/Src/stm32h5xx_hal_i2c_ex.o
 .debug_ranges  0x00000000000009b0       0x88 ./Drivers/STM32H5xx_HAL_Driver/Src/stm32h5xx_hal_icache.o
 .debug_ranges  0x0000000000000a38      0x140 ./Drivers/STM32H5xx_HAL_Driver/Src/stm32h5xx_hal_pcd.o
 .debug_ranges  0x0000000000000b78       0x48 ./Drivers/STM32H5xx_HAL_Driver/Src/stm32h5xx_hal_pcd_ex.o
 .debug_ranges  0x0000000000000bc0       0x90 ./Drivers/STM32H5xx_HAL_Driver/Src/stm32h5xx_hal_rcc.o
 .debug_ranges  0x0000000000000c50       0xd8 ./Drivers/STM32H5xx_HAL_Driver/Src/stm32h5xx_hal_rcc_ex.o
 .debug_ranges  0x0000000000000d28      0x268 ./Drivers/STM32H5xx_HAL_Driver/Src/stm32h5xx_hal_uart.o
 .debug_ranges  0x0000000000000f90       0x98 ./Drivers/STM32H5xx_HAL_Driver/Src/stm32h5xx_hal_uart_ex.o
 .debug_ranges  0x0000000000001028      0x110 ./Drivers/STM32H5xx_HAL_Driver/Src/stm32h5xx_ll_usb.o

.debug_macro    0x0000000000000000    0x22bfa
 .debug_macro   0x0000000000000000      0x2c9 ./Core/Src/main.o
 .debug_macro   0x00000000000002c9      0xa7e ./Core/Src/main.o
 .debug_macro   0x0000000000000d47      0x1dc ./Core/Src/main.o
 .debug_macro   0x0000000000000f23       0x22 ./Core/Src/main.o
 .debug_macro   0x0000000000000f45       0x4c ./Core/Src/main.o
 .debug_macro   0x0000000000000f91       0x1e ./Core/Src/main.o
 .debug_macro   0x0000000000000faf       0x94 ./Core/Src/main.o
 .debug_macro   0x0000000000001043       0x3c ./Core/Src/main.o
 .debug_macro   0x000000000000107f       0x34 ./Core/Src/main.o
 .debug_macro   0x00000000000010b3      0x174 ./Core/Src/main.o
 .debug_macro   0x0000000000001227       0x16 ./Core/Src/main.o
 .debug_macro   0x000000000000123d       0x43 ./Core/Src/main.o
 .debug_macro   0x0000000000001280       0x57 ./Core/Src/main.o
 .debug_macro   0x00000000000012d7       0x34 ./Core/Src/main.o
 .debug_macro   0x000000000000130b       0x10 ./Core/Src/main.o
 .debug_macro   0x000000000000131b       0x58 ./Core/Src/main.o
 .debug_macro   0x0000000000001373       0x71 ./Core/Src/main.o
 .debug_macro   0x00000000000013e4       0x1c ./Core/Src/main.o
 .debug_macro   0x0000000000001400      0x12a ./Core/Src/main.o
 .debug_macro   0x000000000000152a      0x341 ./Core/Src/main.o
 .debug_macro   0x000000000000186b      0x19b ./Core/Src/main.o
 .debug_macro   0x0000000000001a06       0x28 ./Core/Src/main.o
 .debug_macro   0x0000000000001a2e       0x42 ./Core/Src/main.o
 .debug_macro   0x0000000000001a70      0x103 ./Core/Src/main.o
 .debug_macro   0x0000000000001b73       0x6a ./Core/Src/main.o
 .debug_macro   0x0000000000001bdd      0x1df ./Core/Src/main.o
 .debug_macro   0x0000000000001dbc       0x1c ./Core/Src/main.o
 .debug_macro   0x0000000000001dd8       0x29 ./Core/Src/main.o
 .debug_macro   0x0000000000001e01       0xfb ./Core/Src/main.o
 .debug_macro   0x0000000000001efc     0x1336 ./Core/Src/main.o
 .debug_macro   0x0000000000003232       0x5e ./Core/Src/main.o
 .debug_macro   0x0000000000003290    0x12b44 ./Core/Src/main.o
 .debug_macro   0x0000000000015dd4       0x6d ./Core/Src/main.o
 .debug_macro   0x0000000000015e41     0x387c ./Core/Src/main.o
 .debug_macro   0x00000000000196bd       0x63 ./Core/Src/main.o
 .debug_macro   0x0000000000019720     0x146a ./Core/Src/main.o
 .debug_macro   0x000000000001ab8a      0x75e ./Core/Src/main.o
 .debug_macro   0x000000000001b2e8      0x15f ./Core/Src/main.o
 .debug_macro   0x000000000001b447      0x1a6 ./Core/Src/main.o
 .debug_macro   0x000000000001b5ed       0x6e ./Core/Src/main.o
 .debug_macro   0x000000000001b65b      0x527 ./Core/Src/main.o
 .debug_macro   0x000000000001bb82      0x40f ./Core/Src/main.o
 .debug_macro   0x000000000001bf91       0xd6 ./Core/Src/main.o
 .debug_macro   0x000000000001c067      0x1ce ./Core/Src/main.o
 .debug_macro   0x000000000001c235      0x1c3 ./Core/Src/main.o
 .debug_macro   0x000000000001c3f8      0x4c5 ./Core/Src/main.o
 .debug_macro   0x000000000001c8bd       0x58 ./Core/Src/main.o