../Core/Src/main.c:82:5:main	16	static
../Core/Src/main.c:165:6:SystemClock_Config	120	static
../Core/Src/main.c:219:13:MX_FDCAN1_Init	8	static
../Core/Src/main.c:262:13:MX_I2C1_Init	8	static
../Core/Src/main.c:310:13:MX_ICACHE_Init	8	static
../Core/Src/main.c:338:13:MX_USART3_UART_Init	8	static
../Core/Src/main.c:386:13:MX_USB_PCD_Init	8	static
../Core/Src/main.c:423:13:MX_GPIO_Init	48	static
../Core/Src/main.c:494:1:__io_putchar	16	static
../Core/Src/main.c:508:6:Error_Handler	4	static,ignoring_inline_asm
