../Drivers/STM32H5xx_HAL_Driver/Src/stm32h5xx_hal.c:136:19:HAL_Init	8	static
../Drivers/STM32H5xx_HAL_Driver/Src/stm32h5xx_hal.c:167:19:HAL_DeInit	8	static
../Drivers/STM32H5xx_HAL_Driver/Src/stm32h5xx_hal.c:201:13:HAL_MspInit	4	static
../Drivers/STM32H5xx_HAL_Driver/Src/stm32h5xx_hal.c:212:13:HAL_MspDeInit	4	static
../Drivers/STM32H5xx_HAL_Driver/Src/stm32h5xx_hal.c:235:26:HAL_InitTick	16	static
../Drivers/STM32H5xx_HAL_Driver/Src/stm32h5xx_hal.c:297:13:HAL_IncTick	4	static
../Drivers/STM32H5xx_HAL_Driver/Src/stm32h5xx_hal.c:308:17:HAL_GetTick	4	static
../Drivers/STM32H5xx_HAL_Driver/Src/stm32h5xx_hal.c:317:10:HAL_GetTickPrio	4	static
../Drivers/STM32H5xx_HAL_Driver/Src/stm32h5xx_hal.c:326:19:HAL_SetTickFreq	24	static
../Drivers/STM32H5xx_HAL_Driver/Src/stm32h5xx_hal.c:359:21:HAL_GetTickFreq	4	static
../Drivers/STM32H5xx_HAL_Driver/Src/stm32h5xx_hal.c:375:13:HAL_Delay	24	static
../Drivers/STM32H5xx_HAL_Driver/Src/stm32h5xx_hal.c:401:13:HAL_SuspendTick	4	static
../Drivers/STM32H5xx_HAL_Driver/Src/stm32h5xx_hal.c:417:13:HAL_ResumeTick	4	static
../Drivers/STM32H5xx_HAL_Driver/Src/stm32h5xx_hal.c:427:10:HAL_GetHalVersion	4	static
../Drivers/STM32H5xx_HAL_Driver/Src/stm32h5xx_hal.c:436:10:HAL_GetREVID	4	static
../Drivers/STM32H5xx_HAL_Driver/Src/stm32h5xx_hal.c:445:10:HAL_GetDEVID	4	static
../Drivers/STM32H5xx_HAL_Driver/Src/stm32h5xx_hal.c:454:10:HAL_GetUIDw0	4	static
../Drivers/STM32H5xx_HAL_Driver/Src/stm32h5xx_hal.c:463:10:HAL_GetUIDw1	4	static
../Drivers/STM32H5xx_HAL_Driver/Src/stm32h5xx_hal.c:472:10:HAL_GetUIDw2	4	static
../Drivers/STM32H5xx_HAL_Driver/Src/stm32h5xx_hal.c:501:6:HAL_DBGMCU_EnableDBGStopMode	4	static
../Drivers/STM32H5xx_HAL_Driver/Src/stm32h5xx_hal.c:510:6:HAL_DBGMCU_DisableDBGStopMode	4	static
../Drivers/STM32H5xx_HAL_Driver/Src/stm32h5xx_hal.c:519:6:HAL_DBGMCU_EnableDBGStandbyMode	4	static
../Drivers/STM32H5xx_HAL_Driver/Src/stm32h5xx_hal.c:528:6:HAL_DBGMCU_DisableDBGStandbyMode	4	static
../Drivers/STM32H5xx_HAL_Driver/Src/stm32h5xx_hal.c:663:6:HAL_SBS_EnableVddIO1CompensationCell	4	static
../Drivers/STM32H5xx_HAL_Driver/Src/stm32h5xx_hal.c:674:6:HAL_SBS_DisableVddIO1CompensationCell	4	static
../Drivers/STM32H5xx_HAL_Driver/Src/stm32h5xx_hal.c:685:6:HAL_SBS_EnableVddIO2CompensationCell	4	static
../Drivers/STM32H5xx_HAL_Driver/Src/stm32h5xx_hal.c:696:6:HAL_SBS_DisableVddIO2CompensationCell	4	static
../Drivers/STM32H5xx_HAL_Driver/Src/stm32h5xx_hal.c:709:6:HAL_SBS_VDDCompensationCodeSelect	16	static
../Drivers/STM32H5xx_HAL_Driver/Src/stm32h5xx_hal.c:724:6:HAL_SBS_VDDIOCompensationCodeSelect	16	static
../Drivers/STM32H5xx_HAL_Driver/Src/stm32h5xx_hal.c:735:10:HAL_SBS_GetVddIO1CompensationCellReadyFlag	4	static
../Drivers/STM32H5xx_HAL_Driver/Src/stm32h5xx_hal.c:744:10:HAL_SBS_GetVddIO2CompensationCellReadyFlag	4	static
../Drivers/STM32H5xx_HAL_Driver/Src/stm32h5xx_hal.c:759:6:HAL_SBS_VDDCompensationCodeConfig	16	static
../Drivers/STM32H5xx_HAL_Driver/Src/stm32h5xx_hal.c:778:6:HAL_SBS_VDDIOCompensationCodeConfig	16	static
../Drivers/STM32H5xx_HAL_Driver/Src/stm32h5xx_hal.c:791:10:HAL_SBS_GetNMOSVddCompensationValue	4	static
../Drivers/STM32H5xx_HAL_Driver/Src/stm32h5xx_hal.c:800:10:HAL_SBS_GetPMOSVddCompensationValue	4	static
../Drivers/STM32H5xx_HAL_Driver/Src/stm32h5xx_hal.c:809:10:HAL_SBS_GetNMOSVddIO2CompensationValue	4	static
../Drivers/STM32H5xx_HAL_Driver/Src/stm32h5xx_hal.c:819:10:HAL_SBS_GetPMOSVddIO2CompensationValue	4	static
../Drivers/STM32H5xx_HAL_Driver/Src/stm32h5xx_hal.c:859:6:HAL_SBS_IncrementHDPLValue	4	static
../Drivers/STM32H5xx_HAL_Driver/Src/stm32h5xx_hal.c:874:10:HAL_SBS_GetHDPLValue	4	static
../Drivers/STM32H5xx_HAL_Driver/Src/stm32h5xx_hal.c:918:6:HAL_SBS_FLASH_DisableECCNMI	4	static
../Drivers/STM32H5xx_HAL_Driver/Src/stm32h5xx_hal.c:928:6:HAL_SBS_FLASH_EnableECCNMI	4	static
../Drivers/STM32H5xx_HAL_Driver/Src/stm32h5xx_hal.c:938:10:HAL_SBS_FLASH_ECCNMI_IsDisabled	4	static
../Drivers/STM32H5xx_HAL_Driver/Src/stm32h5xx_hal.c:968:6:HAL_SBS_Lock	16	static
../Drivers/STM32H5xx_HAL_Driver/Src/stm32h5xx_hal.c:989:19:HAL_SBS_GetLock	24	static
